Uploading /home/rosario/Documents/computer_science/projects/quake-cooccurrence/target/scala-2.12/quake-cooccurrence_2.12-0.1.jar to gs://scalableunibo2026-spark-data/jobs/quake-cooccurrence_2.12-0.1.jar...
Copying file:///home/rosario/Documents/computer_science/projects/quake-cooccurrence/target/scala-2.12/quake-cooccurrence_2.12-0.1.jar [Content-Type=application/java-archive]...
/ [0 files][    0.0 B/ 33.5 KiB]                                                / [1 files][ 33.5 KiB/ 33.5 KiB]                                                
Operation completed over 1 objects/33.5 KiB.                                     
Submitting Spark job...
Job [6ddedc9c38f749dfb90cae4a8f6e8d75] submitted.
Waiting for job output...
26/03/17 13:47:32 INFO SparkEnv: Registering MapOutputTracker
26/03/17 13:47:32 INFO SparkEnv: Registering BlockManagerMaster
26/03/17 13:47:32 INFO SparkEnv: Registering BlockManagerMasterHeartbeat
26/03/17 13:47:32 INFO SparkEnv: Registering OutputCommitCoordinator
26/03/17 13:47:33 INFO MetricsConfig: Loaded properties from hadoop-metrics2.properties
26/03/17 13:47:33 INFO MetricsSystemImpl: Scheduled Metric snapshot period at 10 second(s).
26/03/17 13:47:33 INFO MetricsSystemImpl: google-hadoop-file-system metrics system started
26/03/17 13:47:33 INFO DataprocSparkPlugin: Registered 188 driver metrics
26/03/17 13:47:33 INFO DefaultNoHARMFailoverProxyProvider: Connecting to ResourceManager at spark-cluster-2w-m.europe-west1-b.c.scalableunibo2026.internal./10.132.0.60:8032
26/03/17 13:47:33 INFO AHSProxy: Connecting to Application History server at spark-cluster-2w-m.europe-west1-b.c.scalableunibo2026.internal./10.132.0.60:10200
26/03/17 13:47:34 INFO Configuration: resource-types.xml not found
26/03/17 13:47:34 INFO ResourceUtils: Unable to find 'resource-types.xml'.
26/03/17 13:47:34 INFO YarnClientImpl: Submitted application application_1773750736508_0010
26/03/17 13:47:35 INFO DefaultNoHARMFailoverProxyProvider: Connecting to ResourceManager at spark-cluster-2w-m.europe-west1-b.c.scalableunibo2026.internal./10.132.0.60:8030
26/03/17 13:47:37 INFO GoogleCloudStorageImpl: Ignoring exception of type GoogleJsonResponseException; verified object already exists with desired state.
26/03/17 13:47:37 INFO GoogleHadoopOutputStream: hflush(): No-op due to rate limit (RateLimiter[stableRate=0.2qps]): readers will *not* yet see flushed data for gs://dataproc-temp-europe-west1-895293460216-3izh2cth/34825a2e-0632-4a3c-8eff-848f0af2d840/spark-job-history/application_1773750736508_0010.inprogress [CONTEXT ratelimit_period="1 MINUTES" ]
26/03/17 13:48:02 INFO GhfsGlobalStorageStatistics: periodic connector metrics: {action_http_delete_request=4, action_http_delete_request_duration=127, action_http_delete_request_max=37, action_http_delete_request_mean=31, action_http_delete_request_min=28, action_http_post_request=10, action_http_post_request_duration=569, action_http_post_request_max=98, action_http_post_request_mean=56, action_http_post_request_min=30, action_http_put_request=5, action_http_put_request_duration=328, action_http_put_request_max=72, action_http_put_request_mean=65, action_http_put_request_min=55, directories_created=1, files_created=1, gcs_api_client_non_found_response_count=21, gcs_api_client_precondition_failed_response_count=1, gcs_api_client_side_error_count=22, gcs_api_time=2100, gcs_api_total_request_count=59, gcs_connector_time=1761, gcs_get_other_request=4, gcs_list_dir_request=2, gcs_list_dir_request_duration=40, gcs_list_dir_request_max=21, gcs_list_dir_request_mean=20, gcs_list_dir_request_min=19, gcs_list_file_request=5, gcs_list_file_request_duration=200, gcs_list_file_request_max=97, gcs_list_file_request_mean=40, gcs_list_file_request_min=19, gcs_metadata_request=28, gcs_metadata_request_duration=747, gcs_metadata_request_max=100, gcs_metadata_request_mean=26, gcs_metadata_request_min=16, gs_filesystem_create=4, gs_filesystem_initialize=3, op_create=1, op_create_duration=76, op_create_max=76, op_create_mean=76, op_create_min=76, op_exists=1, op_get_file_status=4, op_get_file_status_duration=449, op_get_file_status_max=357, op_get_file_status_mean=112, op_get_file_status_min=22, op_get_list_status_result_size=2, op_hflush=21, op_hflush_duration=1038, op_hflush_max=248, op_hflush_mean=49, op_list_status=2, op_list_status_duration=50, op_list_status_max=27, op_list_status_mean=25, op_list_status_min=23, op_mkdirs=1, op_mkdirs_duration=148, op_mkdirs_max=148, op_mkdirs_mean=148, op_mkdirs_min=148, stream_write_bytes=233501, uptimeSeconds=31}
[CONTEXT ratelimit_period="5 MINUTES" ]
26/03/17 13:57:32 INFO GhfsGlobalStorageStatistics: periodic connector metrics: {action_http_delete_request=4, action_http_delete_request_duration=127, action_http_delete_request_max=37, action_http_delete_request_mean=31, action_http_delete_request_min=28, action_http_post_request=12, action_http_post_request_duration=712, action_http_post_request_max=109, action_http_post_request_mean=59, action_http_post_request_min=30, action_http_put_request=6, action_http_put_request_duration=420, action_http_put_request_max=92, action_http_put_request_mean=70, action_http_put_request_min=55, directories_created=1, files_created=1, gcs_api_client_non_found_response_count=24, gcs_api_client_precondition_failed_response_count=1, gcs_api_client_side_error_count=25, gcs_api_time=2422, gcs_api_total_request_count=67, gcs_connector_time=2023, gcs_get_other_request=5, gcs_list_dir_request=2, gcs_list_dir_request_duration=40, gcs_list_dir_request_max=21, gcs_list_dir_request_mean=20, gcs_list_dir_request_min=19, gcs_list_file_request=5, gcs_list_file_request_duration=200, gcs_list_file_request_max=97, gcs_list_file_request_mean=40, gcs_list_file_request_min=19, gcs_metadata_request=31, gcs_metadata_request_duration=818, gcs_metadata_request_max=100, gcs_metadata_request_mean=26, gcs_metadata_request_min=16, gs_filesystem_create=4, gs_filesystem_initialize=3, op_create=1, op_create_duration=76, op_create_max=76, op_create_mean=76, op_create_min=76, op_exists=1, op_get_file_status=4, op_get_file_status_duration=449, op_get_file_status_max=357, op_get_file_status_mean=112, op_get_file_status_min=22, op_get_list_status_result_size=2, op_hflush=23, op_hflush_duration=1300, op_hflush_max=262, op_hflush_mean=56, op_list_status=2, op_list_status_duration=50, op_list_status_max=27, op_list_status_mean=25, op_list_status_min=23, op_mkdirs=1, op_mkdirs_duration=148, op_mkdirs_max=148, op_mkdirs_mean=148, op_mkdirs_min=148, stream_write_bytes=290126, uptimeSeconds=601}
[CONTEXT ratelimit_period="5 MINUTES [skipped: 1]" ]
26/03/17 13:58:54 INFO GoogleHadoopOutputStream: hflush(): No-op due to rate limit (RateLimiter[stableRate=0.2qps]): readers will *not* yet see flushed data for gs://dataproc-temp-europe-west1-895293460216-3izh2cth/34825a2e-0632-4a3c-8eff-848f0af2d840/spark-job-history/application_1773750736508_0010.inprogress [CONTEXT ratelimit_period="1 MINUTES [skipped: 16]" ]
26/03/17 13:58:57 WARN YarnAllocator: Container from a bad node: container_1773750736508_0010_01_000001 on host: spark-cluster-2w-w-1.europe-west1-b.c.scalableunibo2026.internal. Exit status: 137. Diagnostics: [2026-03-17 13:58:56.439]Container killed on request. Exit code is 137
[2026-03-17 13:58:56.439]Container exited with a non-zero exit code 137. 
[2026-03-17 13:58:56.440]Killed by external signal
.
26/03/17 13:58:57 WARN YarnSchedulerBackend$YarnSchedulerEndpoint: Requesting driver to remove executor 1 for reason Container from a bad node: container_1773750736508_0010_01_000001 on host: spark-cluster-2w-w-1.europe-west1-b.c.scalableunibo2026.internal. Exit status: 137. Diagnostics: [2026-03-17 13:58:56.439]Container killed on request. Exit code is 137
[2026-03-17 13:58:56.439]Container exited with a non-zero exit code 137. 
[2026-03-17 13:58:56.440]Killed by external signal
.
26/03/17 13:58:57 ERROR YarnScheduler: Lost executor 1 on spark-cluster-2w-w-1.europe-west1-b.c.scalableunibo2026.internal: Container from a bad node: container_1773750736508_0010_01_000001 on host: spark-cluster-2w-w-1.europe-west1-b.c.scalableunibo2026.internal. Exit status: 137. Diagnostics: [2026-03-17 13:58:56.439]Container killed on request. Exit code is 137
[2026-03-17 13:58:56.439]Container exited with a non-zero exit code 137. 
[2026-03-17 13:58:56.440]Killed by external signal
.
26/03/17 13:58:57 WARN TaskSetManager: Lost task 5.0 in stage 4.0 (TID 26) (spark-cluster-2w-w-1.europe-west1-b.c.scalableunibo2026.internal executor 1): ExecutorLostFailure (executor 1 exited caused by one of the running tasks) Reason: Container from a bad node: container_1773750736508_0010_01_000001 on host: spark-cluster-2w-w-1.europe-west1-b.c.scalableunibo2026.internal. Exit status: 137. Diagnostics: [2026-03-17 13:58:56.439]Container killed on request. Exit code is 137
[2026-03-17 13:58:56.439]Container exited with a non-zero exit code 137. 
[2026-03-17 13:58:56.440]Killed by external signal
.
26/03/17 13:58:57 WARN TaskSetManager: Lost task 1.0 in stage 4.0 (TID 22) (spark-cluster-2w-w-1.europe-west1-b.c.scalableunibo2026.internal executor 1): ExecutorLostFailure (executor 1 exited caused by one of the running tasks) Reason: Container from a bad node: container_1773750736508_0010_01_000001 on host: spark-cluster-2w-w-1.europe-west1-b.c.scalableunibo2026.internal. Exit status: 137. Diagnostics: [2026-03-17 13:58:56.439]Container killed on request. Exit code is 137
[2026-03-17 13:58:56.439]Container exited with a non-zero exit code 137. 
[2026-03-17 13:58:56.440]Killed by external signal
.
26/03/17 13:58:58 WARN YarnAllocator: Container from a bad node: container_1773750736508_0010_01_000002 on host: spark-cluster-2w-w-0.europe-west1-b.c.scalableunibo2026.internal. Exit status: 137. Diagnostics: [2026-03-17 13:58:58.748]Container killed on request. Exit code is 137
[2026-03-17 13:58:58.748]Container exited with a non-zero exit code 137. 
[2026-03-17 13:58:58.749]Killed by external signal
.
26/03/17 13:58:58 WARN YarnSchedulerBackend$YarnSchedulerEndpoint: Requesting driver to remove executor 2 for reason Container from a bad node: container_1773750736508_0010_01_000002 on host: spark-cluster-2w-w-0.europe-west1-b.c.scalableunibo2026.internal. Exit status: 137. Diagnostics: [2026-03-17 13:58:58.748]Container killed on request. Exit code is 137
[2026-03-17 13:58:58.748]Container exited with a non-zero exit code 137. 
[2026-03-17 13:58:58.749]Killed by external signal
.
26/03/17 13:58:58 ERROR YarnScheduler: Lost executor 2 on spark-cluster-2w-w-0.europe-west1-b.c.scalableunibo2026.internal: Container from a bad node: container_1773750736508_0010_01_000002 on host: spark-cluster-2w-w-0.europe-west1-b.c.scalableunibo2026.internal. Exit status: 137. Diagnostics: [2026-03-17 13:58:58.748]Container killed on request. Exit code is 137
[2026-03-17 13:58:58.748]Container exited with a non-zero exit code 137. 
[2026-03-17 13:58:58.749]Killed by external signal
.
26/03/17 13:58:58 WARN TaskSetManager: Lost task 7.0 in stage 4.0 (TID 28) (spark-cluster-2w-w-0.europe-west1-b.c.scalableunibo2026.internal executor 2): ExecutorLostFailure (executor 2 exited caused by one of the running tasks) Reason: Container from a bad node: container_1773750736508_0010_01_000002 on host: spark-cluster-2w-w-0.europe-west1-b.c.scalableunibo2026.internal. Exit status: 137. Diagnostics: [2026-03-17 13:58:58.748]Container killed on request. Exit code is 137
[2026-03-17 13:58:58.748]Container exited with a non-zero exit code 137. 
[2026-03-17 13:58:58.749]Killed by external signal
.
26/03/17 13:58:58 WARN TaskSetManager: Lost task 3.0 in stage 4.0 (TID 24) (spark-cluster-2w-w-0.europe-west1-b.c.scalableunibo2026.internal executor 2): ExecutorLostFailure (executor 2 exited caused by one of the running tasks) Reason: Container from a bad node: container_1773750736508_0010_01_000002 on host: spark-cluster-2w-w-0.europe-west1-b.c.scalableunibo2026.internal. Exit status: 137. Diagnostics: [2026-03-17 13:58:58.748]Container killed on request. Exit code is 137
[2026-03-17 13:58:58.748]Container exited with a non-zero exit code 137. 
[2026-03-17 13:58:58.749]Killed by external signal
.
26/03/17 14:00:43 WARN YarnAllocator: Container from a bad node: container_1773750736508_0010_01_000004 on host: spark-cluster-2w-w-0.europe-west1-b.c.scalableunibo2026.internal. Exit status: 137. Diagnostics: [2026-03-17 14:00:42.609]Container killed on request. Exit code is 137
[2026-03-17 14:00:42.612]Container exited with a non-zero exit code 137. 
[2026-03-17 14:00:42.612]Killed by external signal
.
26/03/17 14:00:43 WARN YarnSchedulerBackend$YarnSchedulerEndpoint: Requesting driver to remove executor 4 for reason Container from a bad node: container_1773750736508_0010_01_000004 on host: spark-cluster-2w-w-0.europe-west1-b.c.scalableunibo2026.internal. Exit status: 137. Diagnostics: [2026-03-17 14:00:42.609]Container killed on request. Exit code is 137
[2026-03-17 14:00:42.612]Container exited with a non-zero exit code 137. 
[2026-03-17 14:00:42.612]Killed by external signal
.
26/03/17 14:00:43 ERROR YarnScheduler: Lost executor 4 on spark-cluster-2w-w-0.europe-west1-b.c.scalableunibo2026.internal: Container from a bad node: container_1773750736508_0010_01_000004 on host: spark-cluster-2w-w-0.europe-west1-b.c.scalableunibo2026.internal. Exit status: 137. Diagnostics: [2026-03-17 14:00:42.609]Container killed on request. Exit code is 137
[2026-03-17 14:00:42.612]Container exited with a non-zero exit code 137. 
[2026-03-17 14:00:42.612]Killed by external signal
.
26/03/17 14:00:43 WARN TaskSetManager: Lost task 4.0 in stage 4.0 (TID 25) (spark-cluster-2w-w-0.europe-west1-b.c.scalableunibo2026.internal executor 4): ExecutorLostFailure (executor 4 exited caused by one of the running tasks) Reason: Container from a bad node: container_1773750736508_0010_01_000004 on host: spark-cluster-2w-w-0.europe-west1-b.c.scalableunibo2026.internal. Exit status: 137. Diagnostics: [2026-03-17 14:00:42.609]Container killed on request. Exit code is 137
[2026-03-17 14:00:42.612]Container exited with a non-zero exit code 137. 
[2026-03-17 14:00:42.612]Killed by external signal
.
26/03/17 14:00:43 WARN TaskSetManager: Lost task 0.0 in stage 4.0 (TID 21) (spark-cluster-2w-w-0.europe-west1-b.c.scalableunibo2026.internal executor 4): ExecutorLostFailure (executor 4 exited caused by one of the running tasks) Reason: Container from a bad node: container_1773750736508_0010_01_000004 on host: spark-cluster-2w-w-0.europe-west1-b.c.scalableunibo2026.internal. Exit status: 137. Diagnostics: [2026-03-17 14:00:42.609]Container killed on request. Exit code is 137
[2026-03-17 14:00:42.612]Container exited with a non-zero exit code 137. 
[2026-03-17 14:00:42.612]Killed by external signal
.
26/03/17 14:00:43 INFO GoogleHadoopOutputStream: hflush(): No-op due to rate limit (RateLimiter[stableRate=0.2qps]): readers will *not* yet see flushed data for gs://dataproc-temp-europe-west1-895293460216-3izh2cth/34825a2e-0632-4a3c-8eff-848f0af2d840/spark-job-history/application_1773750736508_0010.inprogress [CONTEXT ratelimit_period="1 MINUTES [skipped: 5]" ]
26/03/17 14:00:48 WARN YarnAllocator: Container from a bad node: container_1773750736508_0010_01_000003 on host: spark-cluster-2w-w-1.europe-west1-b.c.scalableunibo2026.internal. Exit status: 137. Diagnostics: [2026-03-17 14:00:47.480]Container killed on request. Exit code is 137
[2026-03-17 14:00:47.480]Container exited with a non-zero exit code 137. 
[2026-03-17 14:00:47.488]Killed by external signal
.
26/03/17 14:00:48 WARN YarnSchedulerBackend$YarnSchedulerEndpoint: Requesting driver to remove executor 3 for reason Container from a bad node: container_1773750736508_0010_01_000003 on host: spark-cluster-2w-w-1.europe-west1-b.c.scalableunibo2026.internal. Exit status: 137. Diagnostics: [2026-03-17 14:00:47.480]Container killed on request. Exit code is 137
[2026-03-17 14:00:47.480]Container exited with a non-zero exit code 137. 
[2026-03-17 14:00:47.488]Killed by external signal
.
26/03/17 14:00:48 ERROR YarnScheduler: Lost executor 3 on spark-cluster-2w-w-1.europe-west1-b.c.scalableunibo2026.internal: Container from a bad node: container_1773750736508_0010_01_000003 on host: spark-cluster-2w-w-1.europe-west1-b.c.scalableunibo2026.internal. Exit status: 137. Diagnostics: [2026-03-17 14:00:47.480]Container killed on request. Exit code is 137
[2026-03-17 14:00:47.480]Container exited with a non-zero exit code 137. 
[2026-03-17 14:00:47.488]Killed by external signal
.
26/03/17 14:00:48 WARN TaskSetManager: Lost task 2.0 in stage 4.0 (TID 23) (spark-cluster-2w-w-1.europe-west1-b.c.scalableunibo2026.internal executor 3): ExecutorLostFailure (executor 3 exited caused by one of the running tasks) Reason: Container from a bad node: container_1773750736508_0010_01_000003 on host: spark-cluster-2w-w-1.europe-west1-b.c.scalableunibo2026.internal. Exit status: 137. Diagnostics: [2026-03-17 14:00:47.480]Container killed on request. Exit code is 137
[2026-03-17 14:00:47.480]Container exited with a non-zero exit code 137. 
[2026-03-17 14:00:47.488]Killed by external signal
.
26/03/17 14:00:48 WARN TaskSetManager: Lost task 6.0 in stage 4.0 (TID 27) (spark-cluster-2w-w-1.europe-west1-b.c.scalableunibo2026.internal executor 3): ExecutorLostFailure (executor 3 exited caused by one of the running tasks) Reason: Container from a bad node: container_1773750736508_0010_01_000003 on host: spark-cluster-2w-w-1.europe-west1-b.c.scalableunibo2026.internal. Exit status: 137. Diagnostics: [2026-03-17 14:00:47.480]Container killed on request. Exit code is 137
[2026-03-17 14:00:47.480]Container exited with a non-zero exit code 137. 
[2026-03-17 14:00:47.488]Killed by external signal
.
26/03/17 14:02:37 INFO GhfsGlobalStorageStatistics: periodic connector metrics: {action_http_delete_request=14, action_http_delete_request_duration=502, action_http_delete_request_max=47, action_http_delete_request_mean=35, action_http_delete_request_min=28, action_http_post_request=30, action_http_post_request_duration=1840, action_http_post_request_max=121, action_http_post_request_mean=61, action_http_post_request_min=28, action_http_put_request=15, action_http_put_request_duration=1053, action_http_put_request_max=92, action_http_put_request_mean=70, action_http_put_request_min=55, directories_created=1, files_created=1, gcs_api_client_non_found_response_count=51, gcs_api_client_precondition_failed_response_count=1, gcs_api_client_side_error_count=52, gcs_api_time=5432, gcs_api_total_request_count=138, gcs_connector_time=4040, gcs_get_other_request=14, gcs_list_dir_request=2, gcs_list_dir_request_duration=40, gcs_list_dir_request_max=21, gcs_list_dir_request_mean=20, gcs_list_dir_request_min=19, gcs_list_file_request=5, gcs_list_file_request_duration=200, gcs_list_file_request_max=97, gcs_list_file_request_mean=40, gcs_list_file_request_min=19, gcs_metadata_request=58, gcs_metadata_request_duration=1511, gcs_metadata_request_max=100, gcs_metadata_request_mean=26, gcs_metadata_request_min=16, gs_filesystem_create=4, gs_filesystem_initialize=3, op_create=1, op_create_duration=76, op_create_max=76, op_create_mean=76, op_create_min=76, op_exists=1, op_get_file_status=4, op_get_file_status_duration=449, op_get_file_status_max=357, op_get_file_status_mean=112, op_get_file_status_min=22, op_get_list_status_result_size=2, op_hflush=44, op_hflush_duration=3317, op_hflush_max=262, op_hflush_mean=75, op_list_status=2, op_list_status_duration=50, op_list_status_max=27, op_list_status_mean=25, op_list_status_min=23, op_mkdirs=1, op_mkdirs_duration=148, op_mkdirs_max=148, op_mkdirs_mean=148, op_mkdirs_min=148, stream_write_bytes=319986, uptimeSeconds=905}
[CONTEXT ratelimit_period="5 MINUTES [skipped: 20]" ]
26/03/17 14:02:37 WARN YarnAllocator: Container from a bad node: container_1773750736508_0010_01_000005 on host: spark-cluster-2w-w-0.europe-west1-b.c.scalableunibo2026.internal. Exit status: 143. Diagnostics: [2026-03-17 14:02:37.728]Container killed on request. Exit code is 143
[2026-03-17 14:02:37.728]Container exited with a non-zero exit code 143. 
[2026-03-17 14:02:37.728]Killed by external signal
.
26/03/17 14:02:37 WARN YarnSchedulerBackend$YarnSchedulerEndpoint: Requesting driver to remove executor 5 for reason Container from a bad node: container_1773750736508_0010_01_000005 on host: spark-cluster-2w-w-0.europe-west1-b.c.scalableunibo2026.internal. Exit status: 143. Diagnostics: [2026-03-17 14:02:37.728]Container killed on request. Exit code is 143
[2026-03-17 14:02:37.728]Container exited with a non-zero exit code 143. 
[2026-03-17 14:02:37.728]Killed by external signal
.
26/03/17 14:02:37 ERROR YarnScheduler: Lost executor 5 on spark-cluster-2w-w-0.europe-west1-b.c.scalableunibo2026.internal: Container from a bad node: container_1773750736508_0010_01_000005 on host: spark-cluster-2w-w-0.europe-west1-b.c.scalableunibo2026.internal. Exit status: 143. Diagnostics: [2026-03-17 14:02:37.728]Container killed on request. Exit code is 143
[2026-03-17 14:02:37.728]Container exited with a non-zero exit code 143. 
[2026-03-17 14:02:37.728]Killed by external signal
.
26/03/17 14:02:37 WARN TaskSetManager: Lost task 3.1 in stage 4.0 (TID 29) (spark-cluster-2w-w-0.europe-west1-b.c.scalableunibo2026.internal executor 5): ExecutorLostFailure (executor 5 exited caused by one of the running tasks) Reason: Container from a bad node: container_1773750736508_0010_01_000005 on host: spark-cluster-2w-w-0.europe-west1-b.c.scalableunibo2026.internal. Exit status: 143. Diagnostics: [2026-03-17 14:02:37.728]Container killed on request. Exit code is 143
[2026-03-17 14:02:37.728]Container exited with a non-zero exit code 143. 
[2026-03-17 14:02:37.728]Killed by external signal
.
26/03/17 14:02:37 WARN TaskSetManager: Lost task 7.1 in stage 4.0 (TID 30) (spark-cluster-2w-w-0.europe-west1-b.c.scalableunibo2026.internal executor 5): ExecutorLostFailure (executor 5 exited caused by one of the running tasks) Reason: Container from a bad node: container_1773750736508_0010_01_000005 on host: spark-cluster-2w-w-0.europe-west1-b.c.scalableunibo2026.internal. Exit status: 143. Diagnostics: [2026-03-17 14:02:37.728]Container killed on request. Exit code is 143
[2026-03-17 14:02:37.728]Container exited with a non-zero exit code 143. 
[2026-03-17 14:02:37.728]Killed by external signal
.
26/03/17 14:02:37 INFO GoogleHadoopOutputStream: hflush(): No-op due to rate limit (RateLimiter[stableRate=0.2qps]): readers will *not* yet see flushed data for gs://dataproc-temp-europe-west1-895293460216-3izh2cth/34825a2e-0632-4a3c-8eff-848f0af2d840/spark-job-history/application_1773750736508_0010.inprogress [CONTEXT ratelimit_period="1 MINUTES [skipped: 5]" ]
26/03/17 14:02:41 WARN YarnAllocator: Container from a bad node: container_1773750736508_0010_01_000006 on host: spark-cluster-2w-w-1.europe-west1-b.c.scalableunibo2026.internal. Exit status: 137. Diagnostics: [2026-03-17 14:02:40.383]Container killed on request. Exit code is 137
[2026-03-17 14:02:40.383]Container exited with a non-zero exit code 137. 
[2026-03-17 14:02:40.383]Killed by external signal
.
26/03/17 14:02:41 WARN YarnSchedulerBackend$YarnSchedulerEndpoint: Requesting driver to remove executor 6 for reason Container from a bad node: container_1773750736508_0010_01_000006 on host: spark-cluster-2w-w-1.europe-west1-b.c.scalableunibo2026.internal. Exit status: 137. Diagnostics: [2026-03-17 14:02:40.383]Container killed on request. Exit code is 137
[2026-03-17 14:02:40.383]Container exited with a non-zero exit code 137. 
[2026-03-17 14:02:40.383]Killed by external signal
.
26/03/17 14:02:41 ERROR YarnScheduler: Lost executor 6 on spark-cluster-2w-w-1.europe-west1-b.c.scalableunibo2026.internal: Container from a bad node: container_1773750736508_0010_01_000006 on host: spark-cluster-2w-w-1.europe-west1-b.c.scalableunibo2026.internal. Exit status: 137. Diagnostics: [2026-03-17 14:02:40.383]Container killed on request. Exit code is 137
[2026-03-17 14:02:40.383]Container exited with a non-zero exit code 137. 
[2026-03-17 14:02:40.383]Killed by external signal
.
26/03/17 14:02:41 WARN TaskSetManager: Lost task 5.1 in stage 4.0 (TID 32) (spark-cluster-2w-w-1.europe-west1-b.c.scalableunibo2026.internal executor 6): ExecutorLostFailure (executor 6 exited caused by one of the running tasks) Reason: Container from a bad node: container_1773750736508_0010_01_000006 on host: spark-cluster-2w-w-1.europe-west1-b.c.scalableunibo2026.internal. Exit status: 137. Diagnostics: [2026-03-17 14:02:40.383]Container killed on request. Exit code is 137
[2026-03-17 14:02:40.383]Container exited with a non-zero exit code 137. 
[2026-03-17 14:02:40.383]Killed by external signal
.
26/03/17 14:02:41 WARN TaskSetManager: Lost task 1.1 in stage 4.0 (TID 31) (spark-cluster-2w-w-1.europe-west1-b.c.scalableunibo2026.internal executor 6): ExecutorLostFailure (executor 6 exited caused by one of the running tasks) Reason: Container from a bad node: container_1773750736508_0010_01_000006 on host: spark-cluster-2w-w-1.europe-west1-b.c.scalableunibo2026.internal. Exit status: 137. Diagnostics: [2026-03-17 14:02:40.383]Container killed on request. Exit code is 137
[2026-03-17 14:02:40.383]Container exited with a non-zero exit code 137. 
[2026-03-17 14:02:40.383]Killed by external signal
.
26/03/17 14:04:29 WARN YarnAllocator: Container from a bad node: container_1773750736508_0010_01_000008 on host: spark-cluster-2w-w-1.europe-west1-b.c.scalableunibo2026.internal. Exit status: 137. Diagnostics: [2026-03-17 14:04:29.194]Container killed on request. Exit code is 137
[2026-03-17 14:04:29.194]Container exited with a non-zero exit code 137. 
[2026-03-17 14:04:29.195]Killed by external signal
.
26/03/17 14:04:29 WARN YarnSchedulerBackend$YarnSchedulerEndpoint: Requesting driver to remove executor 8 for reason Container from a bad node: container_1773750736508_0010_01_000008 on host: spark-cluster-2w-w-1.europe-west1-b.c.scalableunibo2026.internal. Exit status: 137. Diagnostics: [2026-03-17 14:04:29.194]Container killed on request. Exit code is 137
[2026-03-17 14:04:29.194]Container exited with a non-zero exit code 137. 
[2026-03-17 14:04:29.195]Killed by external signal
.
26/03/17 14:04:29 ERROR YarnScheduler: Lost executor 8 on spark-cluster-2w-w-1.europe-west1-b.c.scalableunibo2026.internal: Container from a bad node: container_1773750736508_0010_01_000008 on host: spark-cluster-2w-w-1.europe-west1-b.c.scalableunibo2026.internal. Exit status: 137. Diagnostics: [2026-03-17 14:04:29.194]Container killed on request. Exit code is 137
[2026-03-17 14:04:29.194]Container exited with a non-zero exit code 137. 
[2026-03-17 14:04:29.195]Killed by external signal
.
26/03/17 14:04:29 WARN TaskSetManager: Lost task 0.1 in stage 4.0 (TID 35) (spark-cluster-2w-w-1.europe-west1-b.c.scalableunibo2026.internal executor 8): ExecutorLostFailure (executor 8 exited caused by one of the running tasks) Reason: Container from a bad node: container_1773750736508_0010_01_000008 on host: spark-cluster-2w-w-1.europe-west1-b.c.scalableunibo2026.internal. Exit status: 137. Diagnostics: [2026-03-17 14:04:29.194]Container killed on request. Exit code is 137
[2026-03-17 14:04:29.194]Container exited with a non-zero exit code 137. 
[2026-03-17 14:04:29.195]Killed by external signal
.
26/03/17 14:04:29 WARN TaskSetManager: Lost task 4.1 in stage 4.0 (TID 36) (spark-cluster-2w-w-1.europe-west1-b.c.scalableunibo2026.internal executor 8): ExecutorLostFailure (executor 8 exited caused by one of the running tasks) Reason: Container from a bad node: container_1773750736508_0010_01_000008 on host: spark-cluster-2w-w-1.europe-west1-b.c.scalableunibo2026.internal. Exit status: 137. Diagnostics: [2026-03-17 14:04:29.194]Container killed on request. Exit code is 137
[2026-03-17 14:04:29.194]Container exited with a non-zero exit code 137. 
[2026-03-17 14:04:29.195]Killed by external signal
.
26/03/17 14:04:29 INFO GoogleHadoopOutputStream: hflush(): No-op due to rate limit (RateLimiter[stableRate=0.2qps]): readers will *not* yet see flushed data for gs://dataproc-temp-europe-west1-895293460216-3izh2cth/34825a2e-0632-4a3c-8eff-848f0af2d840/spark-job-history/application_1773750736508_0010.inprogress [CONTEXT ratelimit_period="1 MINUTES [skipped: 5]" ]
26/03/17 14:05:46 WARN YarnAllocator: Container from a bad node: container_1773750736508_0010_01_000007 on host: spark-cluster-2w-w-0.europe-west1-b.c.scalableunibo2026.internal. Exit status: 137. Diagnostics: [2026-03-17 14:05:45.032]Container killed on request. Exit code is 137
[2026-03-17 14:05:45.032]Container exited with a non-zero exit code 137. 
[2026-03-17 14:05:45.033]Killed by external signal
.
26/03/17 14:05:46 WARN YarnSchedulerBackend$YarnSchedulerEndpoint: Requesting driver to remove executor 7 for reason Container from a bad node: container_1773750736508_0010_01_000007 on host: spark-cluster-2w-w-0.europe-west1-b.c.scalableunibo2026.internal. Exit status: 137. Diagnostics: [2026-03-17 14:05:45.032]Container killed on request. Exit code is 137
[2026-03-17 14:05:45.032]Container exited with a non-zero exit code 137. 
[2026-03-17 14:05:45.033]Killed by external signal
.
26/03/17 14:05:46 ERROR YarnScheduler: Lost executor 7 on spark-cluster-2w-w-0.europe-west1-b.c.scalableunibo2026.internal: Container from a bad node: container_1773750736508_0010_01_000007 on host: spark-cluster-2w-w-0.europe-west1-b.c.scalableunibo2026.internal. Exit status: 137. Diagnostics: [2026-03-17 14:05:45.032]Container killed on request. Exit code is 137
[2026-03-17 14:05:45.032]Container exited with a non-zero exit code 137. 
[2026-03-17 14:05:45.033]Killed by external signal
.
26/03/17 14:05:46 WARN TaskSetManager: Lost task 2.1 in stage 4.0 (TID 34) (spark-cluster-2w-w-0.europe-west1-b.c.scalableunibo2026.internal executor 7): ExecutorLostFailure (executor 7 exited caused by one of the running tasks) Reason: Container from a bad node: container_1773750736508_0010_01_000007 on host: spark-cluster-2w-w-0.europe-west1-b.c.scalableunibo2026.internal. Exit status: 137. Diagnostics: [2026-03-17 14:05:45.032]Container killed on request. Exit code is 137
[2026-03-17 14:05:45.032]Container exited with a non-zero exit code 137. 
[2026-03-17 14:05:45.033]Killed by external signal
.
26/03/17 14:05:46 WARN TaskSetManager: Lost task 6.1 in stage 4.0 (TID 33) (spark-cluster-2w-w-0.europe-west1-b.c.scalableunibo2026.internal executor 7): ExecutorLostFailure (executor 7 exited caused by one of the running tasks) Reason: Container from a bad node: container_1773750736508_0010_01_000007 on host: spark-cluster-2w-w-0.europe-west1-b.c.scalableunibo2026.internal. Exit status: 137. Diagnostics: [2026-03-17 14:05:45.032]Container killed on request. Exit code is 137
[2026-03-17 14:05:45.032]Container exited with a non-zero exit code 137. 
[2026-03-17 14:05:45.033]Killed by external signal
.
26/03/17 14:05:46 INFO GoogleHadoopOutputStream: hflush(): No-op due to rate limit (RateLimiter[stableRate=0.2qps]): readers will *not* yet see flushed data for gs://dataproc-temp-europe-west1-895293460216-3izh2cth/34825a2e-0632-4a3c-8eff-848f0af2d840/spark-job-history/application_1773750736508_0010.inprogress [CONTEXT ratelimit_period="1 MINUTES [skipped: 2]" ]
26/03/17 14:06:48 WARN YarnAllocator: Container from a bad node: container_1773750736508_0010_01_000010 on host: spark-cluster-2w-w-1.europe-west1-b.c.scalableunibo2026.internal. Exit status: 137. Diagnostics: [2026-03-17 14:06:48.471]Container killed on request. Exit code is 137
[2026-03-17 14:06:48.471]Container exited with a non-zero exit code 137. 
[2026-03-17 14:06:48.476]Killed by external signal
.
26/03/17 14:06:48 WARN YarnSchedulerBackend$YarnSchedulerEndpoint: Requesting driver to remove executor 10 for reason Container from a bad node: container_1773750736508_0010_01_000010 on host: spark-cluster-2w-w-1.europe-west1-b.c.scalableunibo2026.internal. Exit status: 137. Diagnostics: [2026-03-17 14:06:48.471]Container killed on request. Exit code is 137
[2026-03-17 14:06:48.471]Container exited with a non-zero exit code 137. 
[2026-03-17 14:06:48.476]Killed by external signal
.
26/03/17 14:06:48 ERROR YarnScheduler: Lost executor 10 on spark-cluster-2w-w-1.europe-west1-b.c.scalableunibo2026.internal: Container from a bad node: container_1773750736508_0010_01_000010 on host: spark-cluster-2w-w-1.europe-west1-b.c.scalableunibo2026.internal. Exit status: 137. Diagnostics: [2026-03-17 14:06:48.471]Container killed on request. Exit code is 137
[2026-03-17 14:06:48.471]Container exited with a non-zero exit code 137. 
[2026-03-17 14:06:48.476]Killed by external signal
.
26/03/17 14:06:48 WARN TaskSetManager: Lost task 3.2 in stage 4.0 (TID 40) (spark-cluster-2w-w-1.europe-west1-b.c.scalableunibo2026.internal executor 10): ExecutorLostFailure (executor 10 exited caused by one of the running tasks) Reason: Container from a bad node: container_1773750736508_0010_01_000010 on host: spark-cluster-2w-w-1.europe-west1-b.c.scalableunibo2026.internal. Exit status: 137. Diagnostics: [2026-03-17 14:06:48.471]Container killed on request. Exit code is 137
[2026-03-17 14:06:48.471]Container exited with a non-zero exit code 137. 
[2026-03-17 14:06:48.476]Killed by external signal
.
26/03/17 14:06:48 WARN TaskSetManager: Lost task 7.2 in stage 4.0 (TID 39) (spark-cluster-2w-w-1.europe-west1-b.c.scalableunibo2026.internal executor 10): ExecutorLostFailure (executor 10 exited caused by one of the running tasks) Reason: Container from a bad node: container_1773750736508_0010_01_000010 on host: spark-cluster-2w-w-1.europe-west1-b.c.scalableunibo2026.internal. Exit status: 137. Diagnostics: [2026-03-17 14:06:48.471]Container killed on request. Exit code is 137
[2026-03-17 14:06:48.471]Container exited with a non-zero exit code 137. 
[2026-03-17 14:06:48.476]Killed by external signal
.
26/03/17 14:06:48 INFO GoogleHadoopOutputStream: hflush(): No-op due to rate limit (RateLimiter[stableRate=0.2qps]): readers will *not* yet see flushed data for gs://dataproc-temp-europe-west1-895293460216-3izh2cth/34825a2e-0632-4a3c-8eff-848f0af2d840/spark-job-history/application_1773750736508_0010.inprogress [CONTEXT ratelimit_period="1 MINUTES [skipped: 2]" ]
26/03/17 14:08:30 INFO GhfsGlobalStorageStatistics: periodic connector metrics: {action_http_delete_request=23, action_http_delete_request_duration=796, action_http_delete_request_max=47, action_http_delete_request_mean=34, action_http_delete_request_min=28, action_http_post_request=50, action_http_post_request_duration=3179, action_http_post_request_max=121, action_http_post_request_mean=63, action_http_post_request_min=27, action_http_put_request=25, action_http_put_request_duration=1744, action_http_put_request_max=92, action_http_put_request_mean=69, action_http_put_request_min=55, directories_created=1, files_created=1, gcs_api_client_non_found_response_count=81, gcs_api_client_precondition_failed_response_count=1, gcs_api_client_side_error_count=82, gcs_api_time=8700, gcs_api_total_request_count=219, gcs_connector_time=6298, gcs_get_other_request=24, gcs_list_dir_request=2, gcs_list_dir_request_duration=40, gcs_list_dir_request_max=21, gcs_list_dir_request_mean=20, gcs_list_dir_request_min=19, gcs_list_file_request=5, gcs_list_file_request_duration=200, gcs_list_file_request_max=97, gcs_list_file_request_mean=40, gcs_list_file_request_min=19, gcs_metadata_request=88, gcs_metadata_request_duration=2240, gcs_metadata_request_max=100, gcs_metadata_request_mean=25, gcs_metadata_request_min=16, gs_filesystem_create=4, gs_filesystem_initialize=3, op_create=1, op_create_duration=76, op_create_max=76, op_create_mean=76, op_create_min=76, op_exists=1, op_get_file_status=4, op_get_file_status_duration=449, op_get_file_status_max=357, op_get_file_status_mean=112, op_get_file_status_min=22, op_get_list_status_result_size=2, op_hflush=69, op_hflush_duration=5575, op_hflush_max=262, op_hflush_mean=80, op_list_status=2, op_list_status_duration=50, op_list_status_max=27, op_list_status_mean=25, op_list_status_min=23, op_mkdirs=1, op_mkdirs_duration=148, op_mkdirs_max=148, op_mkdirs_mean=148, op_mkdirs_min=148, stream_write_bytes=350480, uptimeSeconds=1258}
[CONTEXT ratelimit_period="5 MINUTES [skipped: 24]" ]
26/03/17 14:08:32 WARN YarnAllocator: Container from a bad node: container_1773750736508_0010_01_000011 on host: spark-cluster-2w-w-1.europe-west1-b.c.scalableunibo2026.internal. Exit status: 137. Diagnostics: [2026-03-17 14:08:32.500]Container killed on request. Exit code is 137
[2026-03-17 14:08:32.501]Container exited with a non-zero exit code 137. 
[2026-03-17 14:08:32.501]Killed by external signal
.
26/03/17 14:08:32 WARN YarnSchedulerBackend$YarnSchedulerEndpoint: Requesting driver to remove executor 11 for reason Container from a bad node: container_1773750736508_0010_01_000011 on host: spark-cluster-2w-w-1.europe-west1-b.c.scalableunibo2026.internal. Exit status: 137. Diagnostics: [2026-03-17 14:08:32.500]Container killed on request. Exit code is 137
[2026-03-17 14:08:32.501]Container exited with a non-zero exit code 137. 
[2026-03-17 14:08:32.501]Killed by external signal
.
26/03/17 14:08:32 ERROR YarnScheduler: Lost executor 11 on spark-cluster-2w-w-1.europe-west1-b.c.scalableunibo2026.internal: Container from a bad node: container_1773750736508_0010_01_000011 on host: spark-cluster-2w-w-1.europe-west1-b.c.scalableunibo2026.internal. Exit status: 137. Diagnostics: [2026-03-17 14:08:32.500]Container killed on request. Exit code is 137
[2026-03-17 14:08:32.501]Container exited with a non-zero exit code 137. 
[2026-03-17 14:08:32.501]Killed by external signal
.
26/03/17 14:08:32 WARN TaskSetManager: Lost task 4.2 in stage 4.0 (TID 41) (spark-cluster-2w-w-1.europe-west1-b.c.scalableunibo2026.internal executor 11): ExecutorLostFailure (executor 11 exited caused by one of the running tasks) Reason: Container from a bad node: container_1773750736508_0010_01_000011 on host: spark-cluster-2w-w-1.europe-west1-b.c.scalableunibo2026.internal. Exit status: 137. Diagnostics: [2026-03-17 14:08:32.500]Container killed on request. Exit code is 137
[2026-03-17 14:08:32.501]Container exited with a non-zero exit code 137. 
[2026-03-17 14:08:32.501]Killed by external signal
.
26/03/17 14:08:32 WARN TaskSetManager: Lost task 0.2 in stage 4.0 (TID 42) (spark-cluster-2w-w-1.europe-west1-b.c.scalableunibo2026.internal executor 11): ExecutorLostFailure (executor 11 exited caused by one of the running tasks) Reason: Container from a bad node: container_1773750736508_0010_01_000011 on host: spark-cluster-2w-w-1.europe-west1-b.c.scalableunibo2026.internal. Exit status: 137. Diagnostics: [2026-03-17 14:08:32.500]Container killed on request. Exit code is 137
[2026-03-17 14:08:32.501]Container exited with a non-zero exit code 137. 
[2026-03-17 14:08:32.501]Killed by external signal
.
26/03/17 14:08:32 INFO GoogleHadoopOutputStream: hflush(): No-op due to rate limit (RateLimiter[stableRate=0.2qps]): readers will *not* yet see flushed data for gs://dataproc-temp-europe-west1-895293460216-3izh2cth/34825a2e-0632-4a3c-8eff-848f0af2d840/spark-job-history/application_1773750736508_0010.inprogress [CONTEXT ratelimit_period="1 MINUTES [skipped: 2]" ]
26/03/17 14:09:02 WARN YarnAllocator: Container from a bad node: container_1773750736508_0010_01_000009 on host: spark-cluster-2w-w-0.europe-west1-b.c.scalableunibo2026.internal. Exit status: 137. Diagnostics: [2026-03-17 14:09:02.178]Container killed on request. Exit code is 137
[2026-03-17 14:09:02.179]Container exited with a non-zero exit code 137. 
[2026-03-17 14:09:02.179]Killed by external signal
.
26/03/17 14:09:02 WARN YarnSchedulerBackend$YarnSchedulerEndpoint: Requesting driver to remove executor 9 for reason Container from a bad node: container_1773750736508_0010_01_000009 on host: spark-cluster-2w-w-0.europe-west1-b.c.scalableunibo2026.internal. Exit status: 137. Diagnostics: [2026-03-17 14:09:02.178]Container killed on request. Exit code is 137
[2026-03-17 14:09:02.179]Container exited with a non-zero exit code 137. 
[2026-03-17 14:09:02.179]Killed by external signal
.
26/03/17 14:09:02 ERROR YarnScheduler: Lost executor 9 on spark-cluster-2w-w-0.europe-west1-b.c.scalableunibo2026.internal: Container from a bad node: container_1773750736508_0010_01_000009 on host: spark-cluster-2w-w-0.europe-west1-b.c.scalableunibo2026.internal. Exit status: 137. Diagnostics: [2026-03-17 14:09:02.178]Container killed on request. Exit code is 137
[2026-03-17 14:09:02.179]Container exited with a non-zero exit code 137. 
[2026-03-17 14:09:02.179]Killed by external signal
.
26/03/17 14:09:02 WARN TaskSetManager: Lost task 5.2 in stage 4.0 (TID 38) (spark-cluster-2w-w-0.europe-west1-b.c.scalableunibo2026.internal executor 9): ExecutorLostFailure (executor 9 exited caused by one of the running tasks) Reason: Container from a bad node: container_1773750736508_0010_01_000009 on host: spark-cluster-2w-w-0.europe-west1-b.c.scalableunibo2026.internal. Exit status: 137. Diagnostics: [2026-03-17 14:09:02.178]Container killed on request. Exit code is 137
[2026-03-17 14:09:02.179]Container exited with a non-zero exit code 137. 
[2026-03-17 14:09:02.179]Killed by external signal
.
26/03/17 14:09:02 WARN TaskSetManager: Lost task 1.2 in stage 4.0 (TID 37) (spark-cluster-2w-w-0.europe-west1-b.c.scalableunibo2026.internal executor 9): ExecutorLostFailure (executor 9 exited caused by one of the running tasks) Reason: Container from a bad node: container_1773750736508_0010_01_000009 on host: spark-cluster-2w-w-0.europe-west1-b.c.scalableunibo2026.internal. Exit status: 137. Diagnostics: [2026-03-17 14:09:02.178]Container killed on request. Exit code is 137
[2026-03-17 14:09:02.179]Container exited with a non-zero exit code 137. 
[2026-03-17 14:09:02.179]Killed by external signal
.
26/03/17 14:10:58 WARN YarnAllocator: Container from a bad node: container_1773750736508_0010_01_000013 on host: spark-cluster-2w-w-1.europe-west1-b.c.scalableunibo2026.internal. Exit status: 137. Diagnostics: [2026-03-17 14:10:58.066]Container killed on request. Exit code is 137
[2026-03-17 14:10:58.066]Container exited with a non-zero exit code 137. 
[2026-03-17 14:10:58.067]Killed by external signal
.
26/03/17 14:10:58 WARN YarnSchedulerBackend$YarnSchedulerEndpoint: Requesting driver to remove executor 13 for reason Container from a bad node: container_1773750736508_0010_01_000013 on host: spark-cluster-2w-w-1.europe-west1-b.c.scalableunibo2026.internal. Exit status: 137. Diagnostics: [2026-03-17 14:10:58.066]Container killed on request. Exit code is 137
[2026-03-17 14:10:58.066]Container exited with a non-zero exit code 137. 
[2026-03-17 14:10:58.067]Killed by external signal
.
26/03/17 14:10:58 ERROR YarnScheduler: Lost executor 13 on spark-cluster-2w-w-1.europe-west1-b.c.scalableunibo2026.internal: Container from a bad node: container_1773750736508_0010_01_000013 on host: spark-cluster-2w-w-1.europe-west1-b.c.scalableunibo2026.internal. Exit status: 137. Diagnostics: [2026-03-17 14:10:58.066]Container killed on request. Exit code is 137
[2026-03-17 14:10:58.066]Container exited with a non-zero exit code 137. 
[2026-03-17 14:10:58.067]Killed by external signal
.
26/03/17 14:10:58 WARN TaskSetManager: Lost task 3.3 in stage 4.0 (TID 46) (spark-cluster-2w-w-1.europe-west1-b.c.scalableunibo2026.internal executor 13): ExecutorLostFailure (executor 13 exited caused by one of the running tasks) Reason: Container from a bad node: container_1773750736508_0010_01_000013 on host: spark-cluster-2w-w-1.europe-west1-b.c.scalableunibo2026.internal. Exit status: 137. Diagnostics: [2026-03-17 14:10:58.066]Container killed on request. Exit code is 137
[2026-03-17 14:10:58.066]Container exited with a non-zero exit code 137. 
[2026-03-17 14:10:58.067]Killed by external signal
.
26/03/17 14:10:58 ERROR TaskSetManager: Task 3 in stage 4.0 failed 4 times; aborting job
26/03/17 14:10:58 WARN TaskSetManager: Lost task 7.3 in stage 4.0 (TID 45) (spark-cluster-2w-w-1.europe-west1-b.c.scalableunibo2026.internal executor 13): ExecutorLostFailure (executor 13 exited caused by one of the running tasks) Reason: Container from a bad node: container_1773750736508_0010_01_000013 on host: spark-cluster-2w-w-1.europe-west1-b.c.scalableunibo2026.internal. Exit status: 137. Diagnostics: [2026-03-17 14:10:58.066]Container killed on request. Exit code is 137
[2026-03-17 14:10:58.066]Container exited with a non-zero exit code 137. 
[2026-03-17 14:10:58.067]Killed by external signal
.
Exception in thread "main" org.apache.spark.SparkException: Job aborted due to stage failure: Task 3 in stage 4.0 failed 4 times, most recent failure: Lost task 3.3 in stage 4.0 (TID 46) (spark-cluster-2w-w-1.europe-west1-b.c.scalableunibo2026.internal executor 13): ExecutorLostFailure (executor 13 exited caused by one of the running tasks) Reason: Container from a bad node: container_1773750736508_0010_01_000013 on host: spark-cluster-2w-w-1.europe-west1-b.c.scalableunibo2026.internal. Exit status: 137. Diagnostics: [2026-03-17 14:10:58.066]Container killed on request. Exit code is 137
[2026-03-17 14:10:58.066]Container exited with a non-zero exit code 137. 
[2026-03-17 14:10:58.067]Killed by external signal
.
Driver stacktrace:
	at org.apache.spark.scheduler.DAGScheduler.failJobAndIndependentStages(DAGScheduler.scala:2856)
	at org.apache.spark.scheduler.DAGScheduler.$anonfun$abortStage$2(DAGScheduler.scala:2792)
	at org.apache.spark.scheduler.DAGScheduler.$anonfun$abortStage$2$adapted(DAGScheduler.scala:2791)
	at scala.collection.mutable.ResizableArray.foreach(ResizableArray.scala:62)
	at scala.collection.mutable.ResizableArray.foreach$(ResizableArray.scala:55)
	at scala.collection.mutable.ArrayBuffer.foreach(ArrayBuffer.scala:49)
	at org.apache.spark.scheduler.DAGScheduler.abortStage(DAGScheduler.scala:2791)
	at org.apache.spark.scheduler.DAGScheduler.$anonfun$handleTaskSetFailed$1(DAGScheduler.scala:1247)
	at org.apache.spark.scheduler.DAGScheduler.$anonfun$handleTaskSetFailed$1$adapted(DAGScheduler.scala:1247)
	at scala.Option.foreach(Option.scala:407)
	at org.apache.spark.scheduler.DAGScheduler.handleTaskSetFailed(DAGScheduler.scala:1247)
	at org.apache.spark.scheduler.DAGSchedulerEventProcessLoop.doOnReceive(DAGScheduler.scala:3061)
	at org.apache.spark.scheduler.DAGSchedulerEventProcessLoop.onReceive(DAGScheduler.scala:2994)
	at org.apache.spark.scheduler.DAGSchedulerEventProcessLoop.onReceive(DAGScheduler.scala:2983)
	at org.apache.spark.util.EventLoop$$anon$1.run(EventLoop.scala:49)
	at org.apache.spark.scheduler.DAGScheduler.runJob(DAGScheduler.scala:989)
	at org.apache.spark.SparkContext.runJob(SparkContext.scala:2459)
	at org.apache.spark.SparkContext.runJob(SparkContext.scala:2554)
	at org.apache.spark.rdd.RDD.$anonfun$reduce$1(RDD.scala:1139)
	at org.apache.spark.rdd.RDDOperationScope$.withScope(RDDOperationScope.scala:151)
	at org.apache.spark.rdd.RDDOperationScope$.withScope(RDDOperationScope.scala:112)
	at org.apache.spark.rdd.RDD.withScope(RDD.scala:410)
	at org.apache.spark.rdd.RDD.reduce(RDD.scala:1121)
	at Solver4.solve(Solvers.scala:185)
	at Main$.$anonfun$main$5(Main.scala:60)
	at Main$.$anonfun$main$7(Main.scala:69)
	at Main$.$anonfun$main$7$adapted(Main.scala:67)
	at scala.Option.foreach(Option.scala:407)
	at Main$.main(Main.scala:67)
	at Main.main(Main.scala)
	at java.base/jdk.internal.reflect.NativeMethodAccessorImpl.invoke0(Native Method)
	at java.base/jdk.internal.reflect.NativeMethodAccessorImpl.invoke(NativeMethodAccessorImpl.java:62)
	at java.base/jdk.internal.reflect.DelegatingMethodAccessorImpl.invoke(DelegatingMethodAccessorImpl.java:43)
	at java.base/java.lang.reflect.Method.invoke(Method.java:566)
	at org.apache.spark.deploy.JavaMainApplication.start(SparkApplication.scala:52)
	at org.apache.spark.deploy.SparkSubmit.org$apache$spark$deploy$SparkSubmit$$runMain(SparkSubmit.scala:1172)
	at org.apache.spark.deploy.SparkSubmit.doRunMain$1(SparkSubmit.scala:196)
	at org.apache.spark.deploy.SparkSubmit.submit(SparkSubmit.scala:219)
	at org.apache.spark.deploy.SparkSubmit.doSubmit(SparkSubmit.scala:93)
	at org.apache.spark.deploy.SparkSubmit$$anon$2.doSubmit(SparkSubmit.scala:1270)
	at org.apache.spark.deploy.SparkSubmit$.main(SparkSubmit.scala:1279)
	at org.apache.spark.deploy.SparkSubmit.main(SparkSubmit.scala)
26/03/17 14:10:58 INFO DataprocSparkPlugin: Shutting down driver plugin. metrics=[action_http_patch_request=0, files_created=1, gcs_api_server_timeout_count=0, op_get_list_status_result_size=2, op_open=0, action_http_delete_request=28, gcs_api_time=10171, gcs_backoff_count=0, gcs_api_client_unauthorized_response_count=0, stream_read_close_operations=0, stream_read_bytes_backwards_on_seek=0, gs_filesystem_create=4, exception_count=0, gcs_exception_count=0, gcs_api_total_request_count=251, op_create=1, stream_read_vectored_operations=0, gcs_metadata_request=100, gcs_api_client_bad_request_count=0, action_http_put_request=29, op_create_non_recursive=0, gcs_api_client_gone_response_count=0, gs_filesystem_initialize=3, stream_read_vectored_incoming_ranges=0, stream_write_operations=0, gcs_list_dir_request=2, stream_read_operations=0, gcs_api_client_request_timeout_count=0, op_rename=0, op_get_file_status=4, op_glob_status=0, op_exists=1, stream_write_bytes=375705, op_xattr_list=0, op_get_delegation_token=0, gcs_api_server_unavailable_count=0, directories_created=1, files_delete_rejected=0, stream_read_vectored_combined_ranges=0, op_xattr_get_named=0, gcs_list_file_request=5, op_hsync=0, action_http_get_request=0, stream_read_operations_incomplete=0, op_delete=0, stream_read_bytes=0, gcs_api_client_non_found_response_count=93, op_list_located_status=0, gcs_api_client_requested_range_not_statisfiable_count=0, op_hflush=84, op_list_status=2, stream_read_vectored_read_bytes_discarded=0, op_xattr_get_named_map=0, gcs_api_client_side_error_count=94, op_get_file_checksum=0, gcs_api_server_internal_error_count=0, stream_read_seek_bytes_skipped=0, stream_write_close_operations=0, gcs_get_media_request=0, gcs_connector_time=7274, files_deleted=0, action_http_post_request=59, op_mkdirs=1, gcs_api_client_rate_limit_error_count=0, op_copy_from_local_file=0, gcs_api_server_bad_gateway_count=0, stream_readVectored_range_duration=0, stream_read_seek_backward_operations=0, gcs_api_server_side_error_count=0, stream_read_seek_operations=0, gcs_get_other_request=28, stream_read_seek_forward_operations=0, gcs_api_client_precondition_failed_response_count=1, op_xattr_get_map=0, delegation_tokens_issued=0, gcs_backoff_time=0, gcs_list_dir_request_min=19, gcs_metadata_request_min=16, op_delete_min=0, op_glob_status_min=0, op_create_non_recursive_min=0, op_hsync_min=0, op_xattr_get_named_min=0, op_xattr_get_named_map_min=0, op_hflush_min=0, op_xattr_list_min=0, action_http_put_request_min=55, op_open_min=0, gcs_list_file_request_min=19, stream_write_close_operations_min=0, op_create_min=76, action_http_delete_request_min=28, op_mkdirs_min=148, op_list_status_min=23, gcs_get_media_request_min=0, stream_readVectored_range_duration_min=0, stream_read_vectored_operations_min=0, stream_read_close_operations_min=0, stream_read_operations_min=0, stream_read_seek_operations_min=0, op_xattr_get_map_min=0, stream_write_operations_min=0, action_http_patch_request_min=0, op_get_file_status_min=22, op_rename_min=0, delegation_tokens_issued_min=0, action_http_post_request_min=26, stream_read_close_operations_max=0, stream_read_seek_operations_max=0, op_hflush_max=262, op_xattr_list_max=0, op_xattr_get_map_max=0, action_http_put_request_max=92, action_http_patch_request_max=0, action_http_post_request_max=121, stream_write_close_operations_max=0, action_http_delete_request_max=47, op_mkdirs_max=148, gcs_get_media_request_max=0, op_rename_max=0, stream_read_vectored_operations_max=0, stream_readVectored_range_duration_max=0, op_xattr_get_named_map_max=0, stream_write_operations_max=0, stream_read_operations_max=0, op_xattr_get_named_max=0, op_glob_status_max=0, op_create_non_recursive_max=0, op_get_file_status_max=357, op_open_max=0, delegation_tokens_issued_max=0, gcs_list_file_request_max=97, gcs_metadata_request_max=100, op_create_max=76, op_delete_max=0, op_list_status_max=27, op_hsync_max=0, gcs_list_dir_request_max=21, op_open_mean=0, op_xattr_list_mean=0, op_rename_mean=0, op_xattr_get_map_mean=0, gcs_list_dir_request_mean=20, op_glob_status_mean=0, stream_read_seek_operations_mean=0, gcs_list_file_request_mean=40, stream_write_operations_mean=0, op_hflush_mean=77, gcs_metadata_request_mean=25, op_list_status_mean=25, stream_read_close_operations_mean=0, op_xattr_get_named_map_mean=0, stream_read_vectored_operations_mean=0, op_mkdirs_mean=148, action_http_post_request_mean=63, stream_write_close_operations_mean=0, action_http_put_request_mean=70, action_http_patch_request_mean=0, op_hsync_mean=0, delegation_tokens_issued_mean=0, action_http_delete_request_mean=35, stream_read_operations_mean=0, op_create_mean=76, op_delete_mean=0, op_create_non_recursive_mean=0, stream_readVectored_range_duration_mean=0, op_xattr_get_named_mean=0, gcs_get_media_request_mean=0, op_get_file_status_mean=112, op_delete_duration=0, op_get_file_status_duration=449, action_http_put_request_duration=2042, stream_write_operations_duration=0, op_hsync_duration=0, gcs_metadata_request_duration=2548, gcs_get_media_request_duration=0, gcs_list_file_request_duration=200, op_list_status_duration=50, op_mkdirs_duration=148, op_open_duration=0, op_create_duration=76, op_hflush_duration=6551, gcs_list_dir_request_duration=40, op_glob_status_duration=0, stream_read_operations_duration=0, action_http_delete_request_duration=984, action_http_post_request_duration=3774, op_rename_duration=0]
ERROR: (gcloud.dataproc.jobs.submit.spark) Job [6ddedc9c38f749dfb90cae4a8f6e8d75] failed with error:
Google Cloud Dataproc Agent reports job failure. If logs are available, they can be found at:
https://console.cloud.google.com/dataproc/jobs/6ddedc9c38f749dfb90cae4a8f6e8d75?project=scalableunibo2026&region=europe-west1
gcloud dataproc jobs wait '6ddedc9c38f749dfb90cae4a8f6e8d75' --region 'europe-west1' --project 'scalableunibo2026'
https://console.cloud.google.com/storage/browser/scalableunibo2026-spark-temp/google-cloud-dataproc-metainfo/34825a2e-0632-4a3c-8eff-848f0af2d840/jobs/6ddedc9c38f749dfb90cae4a8f6e8d75/
gs://scalableunibo2026-spark-temp/google-cloud-dataproc-metainfo/34825a2e-0632-4a3c-8eff-848f0af2d840/jobs/6ddedc9c38f749dfb90cae4a8f6e8d75/driveroutput.*
