Uploading /home/rosario/Documents/computer_science/projects/quake-cooccurrence/target/scala-2.12/quake-cooccurrence_2.12-0.1.jar to gs://scalableunibo2026-spark-data/jobs/quake-cooccurrence_2.12-0.1.jar...
Copying file:///home/rosario/Documents/computer_science/projects/quake-cooccurrence/target/scala-2.12/quake-cooccurrence_2.12-0.1.jar [Content-Type=application/java-archive]...
/ [0 files][    0.0 B/ 33.5 KiB]                                                / [1 files][ 33.5 KiB/ 33.5 KiB]                                                
Operation completed over 1 objects/33.5 KiB.                                     
Submitting Spark job...
Job [4b8d630a26384430af7258af7ce67ae9] submitted.
Waiting for job output...
26/04/01 17:13:56 INFO SparkEnv: Registering MapOutputTracker
26/04/01 17:13:57 INFO SparkEnv: Registering BlockManagerMaster
26/04/01 17:13:57 INFO SparkEnv: Registering BlockManagerMasterHeartbeat
26/04/01 17:13:57 INFO SparkEnv: Registering OutputCommitCoordinator
26/04/01 17:13:58 INFO MetricsConfig: Loaded properties from hadoop-metrics2.properties
26/04/01 17:13:58 INFO MetricsSystemImpl: Scheduled Metric snapshot period at 10 second(s).
26/04/01 17:13:58 INFO MetricsSystemImpl: google-hadoop-file-system metrics system started
26/04/01 17:13:58 INFO DataprocSparkPlugin: Registered 188 driver metrics
26/04/01 17:13:59 INFO DefaultNoHARMFailoverProxyProvider: Connecting to ResourceManager at spark-cluster-1w-m.europe-west1-b.c.scalableunibo2026.internal./10.132.15.212:8032
26/04/01 17:13:59 INFO AHSProxy: Connecting to Application History server at spark-cluster-1w-m.europe-west1-b.c.scalableunibo2026.internal./10.132.15.212:10200
26/04/01 17:14:00 INFO Configuration: resource-types.xml not found
26/04/01 17:14:00 INFO ResourceUtils: Unable to find 'resource-types.xml'.
26/04/01 17:14:01 INFO YarnClientImpl: Submitted application application_1775062175448_0006
26/04/01 17:14:02 INFO DefaultNoHARMFailoverProxyProvider: Connecting to ResourceManager at spark-cluster-1w-m.europe-west1-b.c.scalableunibo2026.internal./10.132.15.212:8030
26/04/01 17:14:04 INFO GoogleCloudStorageImpl: Ignoring exception of type GoogleJsonResponseException; verified object already exists with desired state.
26/04/01 17:14:05 INFO GoogleHadoopOutputStream: hflush(): No-op due to rate limit (RateLimiter[stableRate=0.2qps]): readers will *not* yet see flushed data for gs://dataproc-temp-europe-west1-895293460216-3izh2cth/093f321f-9f06-4d60-bbb5-c93c085058a4/spark-job-history/application_1775062175448_0006.inprogress [CONTEXT ratelimit_period="1 MINUTES" ]
26/04/01 17:14:37 INFO GhfsGlobalStorageStatistics: periodic connector metrics: {action_http_delete_request=3, action_http_delete_request_duration=90, action_http_delete_request_max=33, action_http_delete_request_mean=30, action_http_delete_request_min=26, action_http_post_request=8, action_http_post_request_duration=449, action_http_post_request_max=93, action_http_post_request_mean=56, action_http_post_request_min=29, action_http_put_request=4, action_http_put_request_duration=294, action_http_put_request_max=96, action_http_put_request_mean=73, action_http_put_request_min=56, directories_created=1, files_created=1, gcs_api_client_non_found_response_count=18, gcs_api_client_precondition_failed_response_count=1, gcs_api_client_side_error_count=19, gcs_api_time=2146, gcs_api_total_request_count=51, gcs_connector_time=2423, gcs_get_other_request=3, gcs_list_dir_request=2, gcs_list_dir_request_duration=40, gcs_list_dir_request_max=21, gcs_list_dir_request_mean=20, gcs_list_dir_request_min=19, gcs_list_file_request=5, gcs_list_file_request_duration=311, gcs_list_file_request_max=195, gcs_list_file_request_mean=62, gcs_list_file_request_min=13, gcs_metadata_request=25, gcs_metadata_request_duration=878, gcs_metadata_request_max=199, gcs_metadata_request_mean=35, gcs_metadata_request_min=12, gs_filesystem_create=4, gs_filesystem_initialize=3, op_create=1, op_create_duration=231, op_create_max=231, op_create_mean=231, op_create_min=231, op_exists=1, op_get_file_status=4, op_get_file_status_duration=816, op_get_file_status_max=668, op_get_file_status_mean=204, op_get_file_status_min=25, op_get_list_status_result_size=2, op_hflush=17, op_hflush_duration=1086, op_hflush_max=342, op_hflush_mean=63, op_list_status=2, op_list_status_duration=45, op_list_status_max=28, op_list_status_mean=22, op_list_status_min=17, op_mkdirs=1, op_mkdirs_duration=245, op_mkdirs_max=245, op_mkdirs_mean=245, op_mkdirs_min=245, stream_write_bytes=166929, uptimeSeconds=41}
[CONTEXT ratelimit_period="5 MINUTES" ]


Command killed by keyboard interrupt

