Uploading /home/rosario/Documents/computer_science/projects/quake-cooccurrence/target/scala-2.12/quake-cooccurrence_2.12-0.1.jar to gs://scalableunibo2026-spark-data/jobs/quake-cooccurrence_2.12-0.1.jar...
Copying file:///home/rosario/Documents/computer_science/projects/quake-cooccurrence/target/scala-2.12/quake-cooccurrence_2.12-0.1.jar [Content-Type=application/java-archive]...
/ [0 files][    0.0 B/ 39.1 KiB]                                                / [1 files][ 39.1 KiB/ 39.1 KiB]                                                
Operation completed over 1 objects/39.1 KiB.                                     
Submitting Spark job...
Job [01394436feed4e379408d774fa3f6348] submitted.
Waiting for job output...
26/03/01 02:49:40 INFO SparkEnv: Registering MapOutputTracker
26/03/01 02:49:40 INFO SparkEnv: Registering BlockManagerMaster
26/03/01 02:49:40 INFO SparkEnv: Registering BlockManagerMasterHeartbeat
26/03/01 02:49:40 INFO SparkEnv: Registering OutputCommitCoordinator
26/03/01 02:49:41 INFO DataprocSparkPlugin: Registered 128 driver metrics
26/03/01 02:49:41 INFO DefaultNoHARMFailoverProxyProvider: Connecting to ResourceManager at spark-cluster-2w-m.europe-west1-b.c.scalableunibo2026.internal./10.132.0.33:8032
26/03/01 02:49:42 INFO AHSProxy: Connecting to Application History server at spark-cluster-2w-m.europe-west1-b.c.scalableunibo2026.internal./10.132.0.33:10200
26/03/01 02:49:42 INFO Configuration: resource-types.xml not found
26/03/01 02:49:42 INFO ResourceUtils: Unable to find 'resource-types.xml'.
26/03/01 02:49:43 INFO YarnClientImpl: Submitted application application_1772324649518_0010
26/03/01 02:49:44 INFO DefaultNoHARMFailoverProxyProvider: Connecting to ResourceManager at spark-cluster-2w-m.europe-west1-b.c.scalableunibo2026.internal./10.132.0.33:8030
26/03/01 02:49:45 INFO GoogleCloudStorageImpl: Ignoring exception of type GoogleJsonResponseException; verified object already exists with desired state.
26/03/01 03:15:07 WARN YarnAllocator: Container from a bad node: container_1772324649518_0010_01_000002 on host: spark-cluster-2w-w-0.europe-west1-b.c.scalableunibo2026.internal. Exit status: 137. Diagnostics: [2026-03-01 03:15:06.419]Container killed on request. Exit code is 137
[2026-03-01 03:15:06.431]Container exited with a non-zero exit code 137. 
[2026-03-01 03:15:06.432]Killed by external signal
.
26/03/01 03:15:07 WARN YarnSchedulerBackend$YarnSchedulerEndpoint: Requesting driver to remove executor 2 for reason Container from a bad node: container_1772324649518_0010_01_000002 on host: spark-cluster-2w-w-0.europe-west1-b.c.scalableunibo2026.internal. Exit status: 137. Diagnostics: [2026-03-01 03:15:06.419]Container killed on request. Exit code is 137
[2026-03-01 03:15:06.431]Container exited with a non-zero exit code 137. 
[2026-03-01 03:15:06.432]Killed by external signal
.
26/03/01 03:15:07 ERROR YarnScheduler: Lost executor 2 on spark-cluster-2w-w-0.europe-west1-b.c.scalableunibo2026.internal: Container from a bad node: container_1772324649518_0010_01_000002 on host: spark-cluster-2w-w-0.europe-west1-b.c.scalableunibo2026.internal. Exit status: 137. Diagnostics: [2026-03-01 03:15:06.419]Container killed on request. Exit code is 137
[2026-03-01 03:15:06.431]Container exited with a non-zero exit code 137. 
[2026-03-01 03:15:06.432]Killed by external signal
.
26/03/01 03:15:07 WARN TaskSetManager: Lost task 8.0 in stage 4.0 (TID 37) (spark-cluster-2w-w-0.europe-west1-b.c.scalableunibo2026.internal executor 2): ExecutorLostFailure (executor 2 exited caused by one of the running tasks) Reason: Container from a bad node: container_1772324649518_0010_01_000002 on host: spark-cluster-2w-w-0.europe-west1-b.c.scalableunibo2026.internal. Exit status: 137. Diagnostics: [2026-03-01 03:15:06.419]Container killed on request. Exit code is 137
[2026-03-01 03:15:06.431]Container exited with a non-zero exit code 137. 
[2026-03-01 03:15:06.432]Killed by external signal
.
26/03/01 03:15:07 WARN TaskSetManager: Lost task 1.0 in stage 4.0 (TID 30) (spark-cluster-2w-w-0.europe-west1-b.c.scalableunibo2026.internal executor 2): ExecutorLostFailure (executor 2 exited caused by one of the running tasks) Reason: Container from a bad node: container_1772324649518_0010_01_000002 on host: spark-cluster-2w-w-0.europe-west1-b.c.scalableunibo2026.internal. Exit status: 137. Diagnostics: [2026-03-01 03:15:06.419]Container killed on request. Exit code is 137
[2026-03-01 03:15:06.431]Container exited with a non-zero exit code 137. 
[2026-03-01 03:15:06.432]Killed by external signal
.
26/03/01 03:16:10 WARN YarnAllocator: Container from a bad node: container_1772324649518_0010_01_000006 on host: spark-cluster-2w-w-1.europe-west1-b.c.scalableunibo2026.internal. Exit status: 143. Diagnostics: [2026-03-01 03:16:10.456]Container killed on request. Exit code is 143
[2026-03-01 03:16:10.456]Container exited with a non-zero exit code 143. 
[2026-03-01 03:16:10.457]Killed by external signal
.
26/03/01 03:16:10 WARN YarnSchedulerBackend$YarnSchedulerEndpoint: Requesting driver to remove executor 6 for reason Container from a bad node: container_1772324649518_0010_01_000006 on host: spark-cluster-2w-w-1.europe-west1-b.c.scalableunibo2026.internal. Exit status: 143. Diagnostics: [2026-03-01 03:16:10.456]Container killed on request. Exit code is 143
[2026-03-01 03:16:10.456]Container exited with a non-zero exit code 143. 
[2026-03-01 03:16:10.457]Killed by external signal
.
26/03/01 03:16:10 ERROR YarnScheduler: Lost executor 6 on spark-cluster-2w-w-1.europe-west1-b.c.scalableunibo2026.internal: Container from a bad node: container_1772324649518_0010_01_000006 on host: spark-cluster-2w-w-1.europe-west1-b.c.scalableunibo2026.internal. Exit status: 143. Diagnostics: [2026-03-01 03:16:10.456]Container killed on request. Exit code is 143
[2026-03-01 03:16:10.456]Container exited with a non-zero exit code 143. 
[2026-03-01 03:16:10.457]Killed by external signal
.
26/03/01 03:16:10 WARN TaskSetManager: Lost task 9.0 in stage 4.0 (TID 40) (spark-cluster-2w-w-1.europe-west1-b.c.scalableunibo2026.internal executor 6): ExecutorLostFailure (executor 6 exited caused by one of the running tasks) Reason: Container from a bad node: container_1772324649518_0010_01_000006 on host: spark-cluster-2w-w-1.europe-west1-b.c.scalableunibo2026.internal. Exit status: 143. Diagnostics: [2026-03-01 03:16:10.456]Container killed on request. Exit code is 143
[2026-03-01 03:16:10.456]Container exited with a non-zero exit code 143. 
[2026-03-01 03:16:10.457]Killed by external signal
.
26/03/01 03:16:10 WARN TaskSetManager: Lost task 2.0 in stage 4.0 (TID 31) (spark-cluster-2w-w-1.europe-west1-b.c.scalableunibo2026.internal executor 6): ExecutorLostFailure (executor 6 exited caused by one of the running tasks) Reason: Container from a bad node: container_1772324649518_0010_01_000006 on host: spark-cluster-2w-w-1.europe-west1-b.c.scalableunibo2026.internal. Exit status: 143. Diagnostics: [2026-03-01 03:16:10.456]Container killed on request. Exit code is 143
[2026-03-01 03:16:10.456]Container exited with a non-zero exit code 143. 
[2026-03-01 03:16:10.457]Killed by external signal
.
26/03/01 03:17:08 WARN YarnAllocator: Container from a bad node: container_1772324649518_0010_01_000005 on host: spark-cluster-2w-w-0.europe-west1-b.c.scalableunibo2026.internal. Exit status: 137. Diagnostics: [2026-03-01 03:17:08.766]Container killed on request. Exit code is 137
[2026-03-01 03:17:08.766]Container exited with a non-zero exit code 137. 
[2026-03-01 03:17:08.766]Killed by external signal
.
26/03/01 03:17:08 WARN YarnSchedulerBackend$YarnSchedulerEndpoint: Requesting driver to remove executor 5 for reason Container from a bad node: container_1772324649518_0010_01_000005 on host: spark-cluster-2w-w-0.europe-west1-b.c.scalableunibo2026.internal. Exit status: 137. Diagnostics: [2026-03-01 03:17:08.766]Container killed on request. Exit code is 137
[2026-03-01 03:17:08.766]Container exited with a non-zero exit code 137. 
[2026-03-01 03:17:08.766]Killed by external signal
.
26/03/01 03:17:08 ERROR YarnScheduler: Lost executor 5 on spark-cluster-2w-w-0.europe-west1-b.c.scalableunibo2026.internal: Container from a bad node: container_1772324649518_0010_01_000005 on host: spark-cluster-2w-w-0.europe-west1-b.c.scalableunibo2026.internal. Exit status: 137. Diagnostics: [2026-03-01 03:17:08.766]Container killed on request. Exit code is 137
[2026-03-01 03:17:08.766]Container exited with a non-zero exit code 137. 
[2026-03-01 03:17:08.766]Killed by external signal
.
26/03/01 03:17:08 WARN TaskSetManager: Lost task 6.0 in stage 4.0 (TID 35) (spark-cluster-2w-w-0.europe-west1-b.c.scalableunibo2026.internal executor 5): ExecutorLostFailure (executor 5 exited caused by one of the running tasks) Reason: Container from a bad node: container_1772324649518_0010_01_000005 on host: spark-cluster-2w-w-0.europe-west1-b.c.scalableunibo2026.internal. Exit status: 137. Diagnostics: [2026-03-01 03:17:08.766]Container killed on request. Exit code is 137
[2026-03-01 03:17:08.766]Container exited with a non-zero exit code 137. 
[2026-03-01 03:17:08.766]Killed by external signal
.
26/03/01 03:17:08 WARN TaskSetManager: Lost task 7.0 in stage 4.0 (TID 36) (spark-cluster-2w-w-0.europe-west1-b.c.scalableunibo2026.internal executor 5): ExecutorLostFailure (executor 5 exited caused by one of the running tasks) Reason: Container from a bad node: container_1772324649518_0010_01_000005 on host: spark-cluster-2w-w-0.europe-west1-b.c.scalableunibo2026.internal. Exit status: 137. Diagnostics: [2026-03-01 03:17:08.766]Container killed on request. Exit code is 137
[2026-03-01 03:17:08.766]Container exited with a non-zero exit code 137. 
[2026-03-01 03:17:08.766]Killed by external signal
.
26/03/01 03:18:18 WARN YarnAllocator: Container from a bad node: container_1772324649518_0010_01_000007 on host: spark-cluster-2w-w-1.europe-west1-b.c.scalableunibo2026.internal. Exit status: 143. Diagnostics: [2026-03-01 03:18:18.130]Container killed on request. Exit code is 143
[2026-03-01 03:18:18.130]Container exited with a non-zero exit code 143. 
[2026-03-01 03:18:18.131]Killed by external signal
.
26/03/01 03:18:18 WARN YarnSchedulerBackend$YarnSchedulerEndpoint: Requesting driver to remove executor 7 for reason Container from a bad node: container_1772324649518_0010_01_000007 on host: spark-cluster-2w-w-1.europe-west1-b.c.scalableunibo2026.internal. Exit status: 143. Diagnostics: [2026-03-01 03:18:18.130]Container killed on request. Exit code is 143
[2026-03-01 03:18:18.130]Container exited with a non-zero exit code 143. 
[2026-03-01 03:18:18.131]Killed by external signal
.
26/03/01 03:18:18 ERROR YarnScheduler: Lost executor 7 on spark-cluster-2w-w-1.europe-west1-b.c.scalableunibo2026.internal: Container from a bad node: container_1772324649518_0010_01_000007 on host: spark-cluster-2w-w-1.europe-west1-b.c.scalableunibo2026.internal. Exit status: 143. Diagnostics: [2026-03-01 03:18:18.130]Container killed on request. Exit code is 143
[2026-03-01 03:18:18.130]Container exited with a non-zero exit code 143. 
[2026-03-01 03:18:18.131]Killed by external signal
.
26/03/01 03:18:18 WARN TaskSetManager: Lost task 5.0 in stage 4.0 (TID 34) (spark-cluster-2w-w-1.europe-west1-b.c.scalableunibo2026.internal executor 7): ExecutorLostFailure (executor 7 exited caused by one of the running tasks) Reason: Container from a bad node: container_1772324649518_0010_01_000007 on host: spark-cluster-2w-w-1.europe-west1-b.c.scalableunibo2026.internal. Exit status: 143. Diagnostics: [2026-03-01 03:18:18.130]Container killed on request. Exit code is 143
[2026-03-01 03:18:18.130]Container exited with a non-zero exit code 143. 
[2026-03-01 03:18:18.131]Killed by external signal
.
26/03/01 03:18:18 WARN TaskSetManager: Lost task 4.0 in stage 4.0 (TID 33) (spark-cluster-2w-w-1.europe-west1-b.c.scalableunibo2026.internal executor 7): ExecutorLostFailure (executor 7 exited caused by one of the running tasks) Reason: Container from a bad node: container_1772324649518_0010_01_000007 on host: spark-cluster-2w-w-1.europe-west1-b.c.scalableunibo2026.internal. Exit status: 143. Diagnostics: [2026-03-01 03:18:18.130]Container killed on request. Exit code is 143
[2026-03-01 03:18:18.130]Container exited with a non-zero exit code 143. 
[2026-03-01 03:18:18.131]Killed by external signal
.
26/03/01 03:19:41 WARN YarnAllocator: Container from a bad node: container_1772324649518_0010_01_000008 on host: spark-cluster-2w-w-0.europe-west1-b.c.scalableunibo2026.internal. Exit status: 143. Diagnostics: [2026-03-01 03:19:41.220]Container killed on request. Exit code is 143
[2026-03-01 03:19:41.220]Container exited with a non-zero exit code 143. 
[2026-03-01 03:19:41.221]Killed by external signal
.
26/03/01 03:19:41 ERROR YarnScheduler: Lost executor 8 on spark-cluster-2w-w-0.europe-west1-b.c.scalableunibo2026.internal: Container from a bad node: container_1772324649518_0010_01_000008 on host: spark-cluster-2w-w-0.europe-west1-b.c.scalableunibo2026.internal. Exit status: 143. Diagnostics: [2026-03-01 03:19:41.220]Container killed on request. Exit code is 143
[2026-03-01 03:19:41.220]Container exited with a non-zero exit code 143. 
[2026-03-01 03:19:41.221]Killed by external signal
.
26/03/01 03:19:41 WARN YarnSchedulerBackend$YarnSchedulerEndpoint: Requesting driver to remove executor 8 for reason Container from a bad node: container_1772324649518_0010_01_000008 on host: spark-cluster-2w-w-0.europe-west1-b.c.scalableunibo2026.internal. Exit status: 143. Diagnostics: [2026-03-01 03:19:41.220]Container killed on request. Exit code is 143
[2026-03-01 03:19:41.220]Container exited with a non-zero exit code 143. 
[2026-03-01 03:19:41.221]Killed by external signal
.
26/03/01 03:19:41 WARN TaskSetManager: Lost task 1.1 in stage 4.0 (TID 38) (spark-cluster-2w-w-0.europe-west1-b.c.scalableunibo2026.internal executor 8): ExecutorLostFailure (executor 8 exited caused by one of the running tasks) Reason: Container from a bad node: container_1772324649518_0010_01_000008 on host: spark-cluster-2w-w-0.europe-west1-b.c.scalableunibo2026.internal. Exit status: 143. Diagnostics: [2026-03-01 03:19:41.220]Container killed on request. Exit code is 143
[2026-03-01 03:19:41.220]Container exited with a non-zero exit code 143. 
[2026-03-01 03:19:41.221]Killed by external signal
.
26/03/01 03:19:41 WARN TaskSetManager: Lost task 10.0 in stage 4.0 (TID 45) (spark-cluster-2w-w-0.europe-west1-b.c.scalableunibo2026.internal executor 8): ExecutorLostFailure (executor 8 exited caused by one of the running tasks) Reason: Container from a bad node: container_1772324649518_0010_01_000008 on host: spark-cluster-2w-w-0.europe-west1-b.c.scalableunibo2026.internal. Exit status: 143. Diagnostics: [2026-03-01 03:19:41.220]Container killed on request. Exit code is 143
[2026-03-01 03:19:41.220]Container exited with a non-zero exit code 143. 
[2026-03-01 03:19:41.221]Killed by external signal
.
26/03/01 03:20:33 WARN YarnAllocator: Container from a bad node: container_1772324649518_0010_01_000009 on host: spark-cluster-2w-w-1.europe-west1-b.c.scalableunibo2026.internal. Exit status: 137. Diagnostics: [2026-03-01 03:20:32.653]Container killed on request. Exit code is 137
[2026-03-01 03:20:32.654]Container exited with a non-zero exit code 137. 
[2026-03-01 03:20:32.655]Killed by external signal
.
26/03/01 03:20:33 WARN YarnSchedulerBackend$YarnSchedulerEndpoint: Requesting driver to remove executor 9 for reason Container from a bad node: container_1772324649518_0010_01_000009 on host: spark-cluster-2w-w-1.europe-west1-b.c.scalableunibo2026.internal. Exit status: 137. Diagnostics: [2026-03-01 03:20:32.653]Container killed on request. Exit code is 137
[2026-03-01 03:20:32.654]Container exited with a non-zero exit code 137. 
[2026-03-01 03:20:32.655]Killed by external signal
.
26/03/01 03:20:33 ERROR YarnScheduler: Lost executor 9 on spark-cluster-2w-w-1.europe-west1-b.c.scalableunibo2026.internal: Container from a bad node: container_1772324649518_0010_01_000009 on host: spark-cluster-2w-w-1.europe-west1-b.c.scalableunibo2026.internal. Exit status: 137. Diagnostics: [2026-03-01 03:20:32.653]Container killed on request. Exit code is 137
[2026-03-01 03:20:32.654]Container exited with a non-zero exit code 137. 
[2026-03-01 03:20:32.655]Killed by external signal
.
26/03/01 03:20:33 WARN TaskSetManager: Lost task 2.1 in stage 4.0 (TID 41) (spark-cluster-2w-w-1.europe-west1-b.c.scalableunibo2026.internal executor 9): ExecutorLostFailure (executor 9 exited caused by one of the running tasks) Reason: Container from a bad node: container_1772324649518_0010_01_000009 on host: spark-cluster-2w-w-1.europe-west1-b.c.scalableunibo2026.internal. Exit status: 137. Diagnostics: [2026-03-01 03:20:32.653]Container killed on request. Exit code is 137
[2026-03-01 03:20:32.654]Container exited with a non-zero exit code 137. 
[2026-03-01 03:20:32.655]Killed by external signal
.
26/03/01 03:20:33 WARN TaskSetManager: Lost task 9.1 in stage 4.0 (TID 42) (spark-cluster-2w-w-1.europe-west1-b.c.scalableunibo2026.internal executor 9): ExecutorLostFailure (executor 9 exited caused by one of the running tasks) Reason: Container from a bad node: container_1772324649518_0010_01_000009 on host: spark-cluster-2w-w-1.europe-west1-b.c.scalableunibo2026.internal. Exit status: 137. Diagnostics: [2026-03-01 03:20:32.653]Container killed on request. Exit code is 137
[2026-03-01 03:20:32.654]Container exited with a non-zero exit code 137. 
[2026-03-01 03:20:32.655]Killed by external signal
.
26/03/01 03:21:47 WARN YarnAllocator: Container from a bad node: container_1772324649518_0010_01_000010 on host: spark-cluster-2w-w-0.europe-west1-b.c.scalableunibo2026.internal. Exit status: 143. Diagnostics: [2026-03-01 03:21:47.024]Container killed on request. Exit code is 143
[2026-03-01 03:21:47.024]Container exited with a non-zero exit code 143. 
[2026-03-01 03:21:47.025]Killed by external signal
.
26/03/01 03:21:47 WARN YarnSchedulerBackend$YarnSchedulerEndpoint: Requesting driver to remove executor 10 for reason Container from a bad node: container_1772324649518_0010_01_000010 on host: spark-cluster-2w-w-0.europe-west1-b.c.scalableunibo2026.internal. Exit status: 143. Diagnostics: [2026-03-01 03:21:47.024]Container killed on request. Exit code is 143
[2026-03-01 03:21:47.024]Container exited with a non-zero exit code 143. 
[2026-03-01 03:21:47.025]Killed by external signal
.
26/03/01 03:21:47 ERROR YarnScheduler: Lost executor 10 on spark-cluster-2w-w-0.europe-west1-b.c.scalableunibo2026.internal: Container from a bad node: container_1772324649518_0010_01_000010 on host: spark-cluster-2w-w-0.europe-west1-b.c.scalableunibo2026.internal. Exit status: 143. Diagnostics: [2026-03-01 03:21:47.024]Container killed on request. Exit code is 143
[2026-03-01 03:21:47.024]Container exited with a non-zero exit code 143. 
[2026-03-01 03:21:47.025]Killed by external signal
.
26/03/01 03:21:47 WARN TaskSetManager: Lost task 6.1 in stage 4.0 (TID 44) (spark-cluster-2w-w-0.europe-west1-b.c.scalableunibo2026.internal executor 10): ExecutorLostFailure (executor 10 exited caused by one of the running tasks) Reason: Container from a bad node: container_1772324649518_0010_01_000010 on host: spark-cluster-2w-w-0.europe-west1-b.c.scalableunibo2026.internal. Exit status: 143. Diagnostics: [2026-03-01 03:21:47.024]Container killed on request. Exit code is 143
[2026-03-01 03:21:47.024]Container exited with a non-zero exit code 143. 
[2026-03-01 03:21:47.025]Killed by external signal
.
26/03/01 03:21:47 WARN TaskSetManager: Lost task 7.1 in stage 4.0 (TID 43) (spark-cluster-2w-w-0.europe-west1-b.c.scalableunibo2026.internal executor 10): ExecutorLostFailure (executor 10 exited caused by one of the running tasks) Reason: Container from a bad node: container_1772324649518_0010_01_000010 on host: spark-cluster-2w-w-0.europe-west1-b.c.scalableunibo2026.internal. Exit status: 143. Diagnostics: [2026-03-01 03:21:47.024]Container killed on request. Exit code is 143
[2026-03-01 03:21:47.024]Container exited with a non-zero exit code 143. 
[2026-03-01 03:21:47.025]Killed by external signal
.
26/03/01 03:23:49 WARN YarnAllocator: Container from a bad node: container_1772324649518_0010_01_000012 on host: spark-cluster-2w-w-0.europe-west1-b.c.scalableunibo2026.internal. Exit status: 137. Diagnostics: [2026-03-01 03:23:49.835]Container killed on request. Exit code is 137
[2026-03-01 03:23:49.835]Container exited with a non-zero exit code 137. 
[2026-03-01 03:23:49.835]Killed by external signal
.
26/03/01 03:23:49 WARN YarnSchedulerBackend$YarnSchedulerEndpoint: Requesting driver to remove executor 12 for reason Container from a bad node: container_1772324649518_0010_01_000012 on host: spark-cluster-2w-w-0.europe-west1-b.c.scalableunibo2026.internal. Exit status: 137. Diagnostics: [2026-03-01 03:23:49.835]Container killed on request. Exit code is 137
[2026-03-01 03:23:49.835]Container exited with a non-zero exit code 137. 
[2026-03-01 03:23:49.835]Killed by external signal
.
26/03/01 03:23:49 ERROR YarnScheduler: Lost executor 12 on spark-cluster-2w-w-0.europe-west1-b.c.scalableunibo2026.internal: Container from a bad node: container_1772324649518_0010_01_000012 on host: spark-cluster-2w-w-0.europe-west1-b.c.scalableunibo2026.internal. Exit status: 137. Diagnostics: [2026-03-01 03:23:49.835]Container killed on request. Exit code is 137
[2026-03-01 03:23:49.835]Container exited with a non-zero exit code 137. 
[2026-03-01 03:23:49.835]Killed by external signal
.
26/03/01 03:23:49 WARN TaskSetManager: Lost task 1.2 in stage 4.0 (TID 49) (spark-cluster-2w-w-0.europe-west1-b.c.scalableunibo2026.internal executor 12): ExecutorLostFailure (executor 12 exited caused by one of the running tasks) Reason: Container from a bad node: container_1772324649518_0010_01_000012 on host: spark-cluster-2w-w-0.europe-west1-b.c.scalableunibo2026.internal. Exit status: 137. Diagnostics: [2026-03-01 03:23:49.835]Container killed on request. Exit code is 137
[2026-03-01 03:23:49.835]Container exited with a non-zero exit code 137. 
[2026-03-01 03:23:49.835]Killed by external signal
.
26/03/01 03:23:49 WARN TaskSetManager: Lost task 10.1 in stage 4.0 (TID 48) (spark-cluster-2w-w-0.europe-west1-b.c.scalableunibo2026.internal executor 12): ExecutorLostFailure (executor 12 exited caused by one of the running tasks) Reason: Container from a bad node: container_1772324649518_0010_01_000012 on host: spark-cluster-2w-w-0.europe-west1-b.c.scalableunibo2026.internal. Exit status: 137. Diagnostics: [2026-03-01 03:23:49.835]Container killed on request. Exit code is 137
[2026-03-01 03:23:49.835]Container exited with a non-zero exit code 137. 
[2026-03-01 03:23:49.835]Killed by external signal
.
26/03/01 03:25:48 WARN YarnAllocator: Container from a bad node: container_1772324649518_0010_01_000011 on host: spark-cluster-2w-w-1.europe-west1-b.c.scalableunibo2026.internal. Exit status: 137. Diagnostics: [2026-03-01 03:25:45.200]Container killed on request. Exit code is 137
[2026-03-01 03:25:45.201]Container exited with a non-zero exit code 137. 
[2026-03-01 03:25:45.201]Killed by external signal
.
26/03/01 03:25:48 WARN YarnSchedulerBackend$YarnSchedulerEndpoint: Requesting driver to remove executor 11 for reason Container from a bad node: container_1772324649518_0010_01_000011 on host: spark-cluster-2w-w-1.europe-west1-b.c.scalableunibo2026.internal. Exit status: 137. Diagnostics: [2026-03-01 03:25:45.200]Container killed on request. Exit code is 137
[2026-03-01 03:25:45.201]Container exited with a non-zero exit code 137. 
[2026-03-01 03:25:45.201]Killed by external signal
.
26/03/01 03:25:48 ERROR YarnScheduler: Lost executor 11 on spark-cluster-2w-w-1.europe-west1-b.c.scalableunibo2026.internal: Container from a bad node: container_1772324649518_0010_01_000011 on host: spark-cluster-2w-w-1.europe-west1-b.c.scalableunibo2026.internal. Exit status: 137. Diagnostics: [2026-03-01 03:25:45.200]Container killed on request. Exit code is 137
[2026-03-01 03:25:45.201]Container exited with a non-zero exit code 137. 
[2026-03-01 03:25:45.201]Killed by external signal
.
26/03/01 03:25:48 WARN TaskSetManager: Lost task 12.0 in stage 4.0 (TID 55) (spark-cluster-2w-w-1.europe-west1-b.c.scalableunibo2026.internal executor 11): ExecutorLostFailure (executor 11 exited caused by one of the running tasks) Reason: Container from a bad node: container_1772324649518_0010_01_000011 on host: spark-cluster-2w-w-1.europe-west1-b.c.scalableunibo2026.internal. Exit status: 137. Diagnostics: [2026-03-01 03:25:45.200]Container killed on request. Exit code is 137
[2026-03-01 03:25:45.201]Container exited with a non-zero exit code 137. 
[2026-03-01 03:25:45.201]Killed by external signal
.
26/03/01 03:25:48 WARN TaskSetManager: Lost task 13.0 in stage 4.0 (TID 58) (spark-cluster-2w-w-1.europe-west1-b.c.scalableunibo2026.internal executor 11): ExecutorLostFailure (executor 11 exited caused by one of the running tasks) Reason: Container from a bad node: container_1772324649518_0010_01_000011 on host: spark-cluster-2w-w-1.europe-west1-b.c.scalableunibo2026.internal. Exit status: 137. Diagnostics: [2026-03-01 03:25:45.200]Container killed on request. Exit code is 137
[2026-03-01 03:25:45.201]Container exited with a non-zero exit code 137. 
[2026-03-01 03:25:45.201]Killed by external signal
.
26/03/01 03:26:01 WARN YarnAllocator: Container from a bad node: container_1772324649518_0010_01_000014 on host: spark-cluster-2w-w-0.europe-west1-b.c.scalableunibo2026.internal. Exit status: 137. Diagnostics: [2026-03-01 03:26:01.188]Container killed on request. Exit code is 137
[2026-03-01 03:26:01.189]Container exited with a non-zero exit code 137. 
[2026-03-01 03:26:01.189]Killed by external signal
.
26/03/01 03:26:01 WARN YarnSchedulerBackend$YarnSchedulerEndpoint: Requesting driver to remove executor 14 for reason Container from a bad node: container_1772324649518_0010_01_000014 on host: spark-cluster-2w-w-0.europe-west1-b.c.scalableunibo2026.internal. Exit status: 137. Diagnostics: [2026-03-01 03:26:01.188]Container killed on request. Exit code is 137
[2026-03-01 03:26:01.189]Container exited with a non-zero exit code 137. 
[2026-03-01 03:26:01.189]Killed by external signal
.
26/03/01 03:26:01 ERROR YarnScheduler: Lost executor 14 on spark-cluster-2w-w-0.europe-west1-b.c.scalableunibo2026.internal: Container from a bad node: container_1772324649518_0010_01_000014 on host: spark-cluster-2w-w-0.europe-west1-b.c.scalableunibo2026.internal. Exit status: 137. Diagnostics: [2026-03-01 03:26:01.188]Container killed on request. Exit code is 137
[2026-03-01 03:26:01.189]Container exited with a non-zero exit code 137. 
[2026-03-01 03:26:01.189]Killed by external signal
.
26/03/01 03:26:01 WARN TaskSetManager: Lost task 7.2 in stage 4.0 (TID 53) (spark-cluster-2w-w-0.europe-west1-b.c.scalableunibo2026.internal executor 14): ExecutorLostFailure (executor 14 exited caused by one of the running tasks) Reason: Container from a bad node: container_1772324649518_0010_01_000014 on host: spark-cluster-2w-w-0.europe-west1-b.c.scalableunibo2026.internal. Exit status: 137. Diagnostics: [2026-03-01 03:26:01.188]Container killed on request. Exit code is 137
[2026-03-01 03:26:01.189]Container exited with a non-zero exit code 137. 
[2026-03-01 03:26:01.189]Killed by external signal
.
26/03/01 03:26:01 WARN TaskSetManager: Lost task 6.2 in stage 4.0 (TID 54) (spark-cluster-2w-w-0.europe-west1-b.c.scalableunibo2026.internal executor 14): ExecutorLostFailure (executor 14 exited caused by one of the running tasks) Reason: Container from a bad node: container_1772324649518_0010_01_000014 on host: spark-cluster-2w-w-0.europe-west1-b.c.scalableunibo2026.internal. Exit status: 137. Diagnostics: [2026-03-01 03:26:01.188]Container killed on request. Exit code is 137
[2026-03-01 03:26:01.189]Container exited with a non-zero exit code 137. 
[2026-03-01 03:26:01.189]Killed by external signal
.
26/03/01 03:28:13 WARN YarnAllocator: Container from a bad node: container_1772324649518_0010_01_000013 on host: spark-cluster-2w-w-1.europe-west1-b.c.scalableunibo2026.internal. Exit status: 137. Diagnostics: [2026-03-01 03:28:10.470]Container killed on request. Exit code is 137
[2026-03-01 03:28:10.470]Container exited with a non-zero exit code 137. 
[2026-03-01 03:28:10.471]Killed by external signal
.
26/03/01 03:28:13 WARN YarnSchedulerBackend$YarnSchedulerEndpoint: Requesting driver to remove executor 13 for reason Container from a bad node: container_1772324649518_0010_01_000013 on host: spark-cluster-2w-w-1.europe-west1-b.c.scalableunibo2026.internal. Exit status: 137. Diagnostics: [2026-03-01 03:28:10.470]Container killed on request. Exit code is 137
[2026-03-01 03:28:10.470]Container exited with a non-zero exit code 137. 
[2026-03-01 03:28:10.471]Killed by external signal
.
26/03/01 03:28:13 ERROR YarnScheduler: Lost executor 13 on spark-cluster-2w-w-1.europe-west1-b.c.scalableunibo2026.internal: Container from a bad node: container_1772324649518_0010_01_000013 on host: spark-cluster-2w-w-1.europe-west1-b.c.scalableunibo2026.internal. Exit status: 137. Diagnostics: [2026-03-01 03:28:10.470]Container killed on request. Exit code is 137
[2026-03-01 03:28:10.470]Container exited with a non-zero exit code 137. 
[2026-03-01 03:28:10.471]Killed by external signal
.
26/03/01 03:28:13 WARN TaskSetManager: Lost task 15.0 in stage 4.0 (TID 64) (spark-cluster-2w-w-1.europe-west1-b.c.scalableunibo2026.internal executor 13): ExecutorLostFailure (executor 13 exited caused by one of the running tasks) Reason: Container from a bad node: container_1772324649518_0010_01_000013 on host: spark-cluster-2w-w-1.europe-west1-b.c.scalableunibo2026.internal. Exit status: 137. Diagnostics: [2026-03-01 03:28:10.470]Container killed on request. Exit code is 137
[2026-03-01 03:28:10.470]Container exited with a non-zero exit code 137. 
[2026-03-01 03:28:10.471]Killed by external signal
.
26/03/01 03:28:13 WARN TaskSetManager: Lost task 6.3 in stage 4.0 (TID 61) (spark-cluster-2w-w-1.europe-west1-b.c.scalableunibo2026.internal executor 13): ExecutorLostFailure (executor 13 exited caused by one of the running tasks) Reason: Container from a bad node: container_1772324649518_0010_01_000013 on host: spark-cluster-2w-w-1.europe-west1-b.c.scalableunibo2026.internal. Exit status: 137. Diagnostics: [2026-03-01 03:28:10.470]Container killed on request. Exit code is 137
[2026-03-01 03:28:10.470]Container exited with a non-zero exit code 137. 
[2026-03-01 03:28:10.471]Killed by external signal
.
26/03/01 03:28:13 ERROR TaskSetManager: Task 6 in stage 4.0 failed 4 times; aborting job
Exception in thread "main" org.apache.spark.SparkException: Job aborted due to stage failure: Task 6 in stage 4.0 failed 4 times, most recent failure: Lost task 6.3 in stage 4.0 (TID 61) (spark-cluster-2w-w-1.europe-west1-b.c.scalableunibo2026.internal executor 13): ExecutorLostFailure (executor 13 exited caused by one of the running tasks) Reason: Container from a bad node: container_1772324649518_0010_01_000013 on host: spark-cluster-2w-w-1.europe-west1-b.c.scalableunibo2026.internal. Exit status: 137. Diagnostics: [2026-03-01 03:28:10.470]Container killed on request. Exit code is 137
[2026-03-01 03:28:10.470]Container exited with a non-zero exit code 137. 
[2026-03-01 03:28:10.471]Killed by external signal
.
Driver stacktrace:
	at org.apache.spark.scheduler.DAGScheduler.failJobAndIndependentStages(DAGScheduler.scala:2717)
	at org.apache.spark.scheduler.DAGScheduler.$anonfun$abortStage$2(DAGScheduler.scala:2653)
	at org.apache.spark.scheduler.DAGScheduler.$anonfun$abortStage$2$adapted(DAGScheduler.scala:2652)
	at scala.collection.mutable.ResizableArray.foreach(ResizableArray.scala:62)
	at scala.collection.mutable.ResizableArray.foreach$(ResizableArray.scala:55)
	at scala.collection.mutable.ArrayBuffer.foreach(ArrayBuffer.scala:49)
	at org.apache.spark.scheduler.DAGScheduler.abortStage(DAGScheduler.scala:2652)
	at org.apache.spark.scheduler.DAGScheduler.$anonfun$handleTaskSetFailed$1(DAGScheduler.scala:1189)
	at org.apache.spark.scheduler.DAGScheduler.$anonfun$handleTaskSetFailed$1$adapted(DAGScheduler.scala:1189)
	at scala.Option.foreach(Option.scala:407)
	at org.apache.spark.scheduler.DAGScheduler.handleTaskSetFailed(DAGScheduler.scala:1189)
	at org.apache.spark.scheduler.DAGSchedulerEventProcessLoop.doOnReceive(DAGScheduler.scala:2913)
	at org.apache.spark.scheduler.DAGSchedulerEventProcessLoop.onReceive(DAGScheduler.scala:2855)
	at org.apache.spark.scheduler.DAGSchedulerEventProcessLoop.onReceive(DAGScheduler.scala:2844)
	at org.apache.spark.util.EventLoop$$anon$1.run(EventLoop.scala:49)
	at org.apache.spark.scheduler.DAGScheduler.runJob(DAGScheduler.scala:959)
	at org.apache.spark.SparkContext.runJob(SparkContext.scala:2293)
	at org.apache.spark.SparkContext.runJob(SparkContext.scala:2388)
	at org.apache.spark.rdd.RDD.$anonfun$reduce$1(RDD.scala:1111)
	at org.apache.spark.rdd.RDDOperationScope$.withScope(RDDOperationScope.scala:151)
	at org.apache.spark.rdd.RDDOperationScope$.withScope(RDDOperationScope.scala:112)
	at org.apache.spark.rdd.RDD.withScope(RDD.scala:406)
	at org.apache.spark.rdd.RDD.reduce(RDD.scala:1093)
	at Solver4.solve(Solvers.scala:183)
	at Main$.$anonfun$main$5(Main.scala:59)
	at Main$.$anonfun$main$8(Main.scala:69)
	at Main$.$anonfun$main$8$adapted(Main.scala:67)
	at scala.Option.foreach(Option.scala:407)
	at Main$.main(Main.scala:67)
	at Main.main(Main.scala)
	at java.base/jdk.internal.reflect.NativeMethodAccessorImpl.invoke0(Native Method)
	at java.base/jdk.internal.reflect.NativeMethodAccessorImpl.invoke(NativeMethodAccessorImpl.java:62)
	at java.base/jdk.internal.reflect.DelegatingMethodAccessorImpl.invoke(DelegatingMethodAccessorImpl.java:43)
	at java.base/java.lang.reflect.Method.invoke(Method.java:566)
	at org.apache.spark.deploy.JavaMainApplication.start(SparkApplication.scala:52)
	at org.apache.spark.deploy.SparkSubmit.org$apache$spark$deploy$SparkSubmit$$runMain(SparkSubmit.scala:973)
	at org.apache.spark.deploy.SparkSubmit.doRunMain$1(SparkSubmit.scala:180)
	at org.apache.spark.deploy.SparkSubmit.submit(SparkSubmit.scala:203)
	at org.apache.spark.deploy.SparkSubmit.doSubmit(SparkSubmit.scala:90)
	at org.apache.spark.deploy.SparkSubmit$$anon$2.doSubmit(SparkSubmit.scala:1061)
	at org.apache.spark.deploy.SparkSubmit$.main(SparkSubmit.scala:1070)
	at org.apache.spark.deploy.SparkSubmit.main(SparkSubmit.scala)
26/03/01 03:28:13 INFO DataprocSparkPlugin: Shutting down driver plugin. metrics=[files_created=1, gcs_api_server_not_implemented_error_count=0, gcs_api_server_timeout_count=0, action_http_post_request_failures=0, op_get_list_status_result_size=2, op_open=0, gcs_api_client_unauthorized_response_count=0, action_http_head_request_failures=0, stream_read_close_operations=0, stream_read_bytes_backwards_on_seek=0, exception_count=13, gcs_api_total_request_count=21, op_create=1, gcs_api_client_bad_request_count=0, op_create_non_recursive=0, gcs_api_client_gone_response_count=0, stream_write_operations=0, stream_read_operations=0, gcs_api_client_request_timeout_count=0, op_rename=0, op_get_file_status=4, stream_read_total_bytes=0, op_glob_status=0, stream_read_exceptions=0, action_http_get_request_failures=0, op_exists=0, stream_write_bytes=414448, op_xattr_list=0, stream_write_exceptions=0, gcs_api_server_unavailable_count=0, directories_created=0, files_delete_rejected=0, op_xattr_get_named=0, op_hsync=0, stream_read_operations_incomplete=0, op_delete=0, stream_read_bytes=0, gcs_api_client_non_found_response_count=6, gcs_api_client_requested_range_not_statisfiable_count=0, op_hflush=0, op_list_status=2, op_xattr_get_named_map=0, gcs_api_client_side_error_count=20, op_get_file_checksum=0, action_http_delete_request_failures=0, gcs_api_server_internal_error_count=0, stream_read_seek_bytes_skipped=0, stream_write_close_operations=0, op_list_files=0, files_deleted=0, op_mkdirs=1, gcs_api_client_rate_limit_error_count=0, action_http_put_request_failures=0, gcs_api_server_bad_gateway_count=0, stream_read_seek_backward_operations=0, gcs_api_server_side_error_count=0, action_http_patch_request_failures=0, stream_read_seek_operations=0, stream_read_seek_forward_operations=0, gcs_api_client_precondition_failed_response_count=1, directories_deleted=0, op_xattr_get_map=0, delegation_tokens_issued=0, op_create_min=71, op_delete_min=0, op_mkdirs_min=164, op_create_non_recursive_min=0, op_glob_status_min=0, op_hsync_min=0, op_xattr_get_named_min=0, op_list_status_min=14, op_xattr_get_named_map_min=0, stream_read_close_operations_min=0, stream_read_operations_min=0, stream_read_seek_operations_min=0, op_hflush_min=0, op_xattr_get_map_min=0, op_xattr_list_min=0, stream_write_operations_min=0, op_get_file_status_min=17, op_open_min=0, op_rename_min=0, delegation_tokens_issued_min=0, stream_write_close_operations_min=0, stream_read_close_operations_max=0, stream_read_operations_max=0, stream_read_seek_operations_max=0, op_hflush_max=0, op_xattr_list_max=0, op_xattr_get_map_max=0, op_xattr_get_named_max=0, op_create_non_recursive_max=0, op_glob_status_max=0, op_get_file_status_max=249, stream_write_close_operations_max=0, op_open_max=0, delegation_tokens_issued_max=0, op_mkdirs_max=164, op_rename_max=0, op_create_max=71, op_delete_max=0, op_list_status_max=22, op_xattr_get_named_map_max=0, stream_write_operations_max=0, op_hsync_max=0, op_list_status_mean=18, stream_read_close_operations_mean=0, op_open_mean=0, op_xattr_get_named_map_mean=0, op_xattr_list_mean=0, op_mkdirs_mean=164, stream_write_close_operations_mean=0, op_rename_mean=0, op_hsync_mean=0, delegation_tokens_issued_mean=0, stream_read_operations_mean=0, op_xattr_get_map_mean=0, op_create_mean=71, op_glob_status_mean=0, op_delete_mean=0, stream_read_seek_operations_mean=0, stream_write_operations_mean=0, op_create_non_recursive_mean=0, op_hflush_mean=0, op_xattr_get_named_mean=0, op_get_file_status_mean=83, stream_write_operations_duration=0, stream_read_operations_duration=0]
26/03/01 03:28:13 ERROR TransportRequestHandler: Error while invoking RpcHandler#receive() for one-way message.
org.apache.spark.SparkException: Could not find CoarseGrainedScheduler.
	at org.apache.spark.rpc.netty.Dispatcher.postMessage(Dispatcher.scala:178) ~[spark-core_2.12-3.3.2.jar:3.3.2]
	at org.apache.spark.rpc.netty.Dispatcher.postOneWayMessage(Dispatcher.scala:150) ~[spark-core_2.12-3.3.2.jar:3.3.2]
	at org.apache.spark.rpc.netty.NettyRpcHandler.receive(NettyRpcEnv.scala:690) ~[spark-core_2.12-3.3.2.jar:3.3.2]
	at org.apache.spark.network.server.TransportRequestHandler.processOneWayMessage(TransportRequestHandler.java:274) ~[spark-network-common_2.12-3.3.2.jar:3.3.2]
	at org.apache.spark.network.server.TransportRequestHandler.handle(TransportRequestHandler.java:111) ~[spark-network-common_2.12-3.3.2.jar:3.3.2]
	at org.apache.spark.network.server.TransportChannelHandler.channelRead0(TransportChannelHandler.java:140) ~[spark-network-common_2.12-3.3.2.jar:3.3.2]
	at org.apache.spark.network.server.TransportChannelHandler.channelRead0(TransportChannelHandler.java:53) ~[spark-network-common_2.12-3.3.2.jar:3.3.2]
	at io.netty.channel.SimpleChannelInboundHandler.channelRead(SimpleChannelInboundHandler.java:99) ~[netty-transport-4.1.77.Final.jar:4.1.77.Final]
	at io.netty.channel.AbstractChannelHandlerContext.invokeChannelRead(AbstractChannelHandlerContext.java:379) ~[netty-transport-4.1.77.Final.jar:4.1.77.Final]
	at io.netty.channel.AbstractChannelHandlerContext.invokeChannelRead(AbstractChannelHandlerContext.java:365) ~[netty-transport-4.1.77.Final.jar:4.1.77.Final]
	at io.netty.channel.AbstractChannelHandlerContext.fireChannelRead(AbstractChannelHandlerContext.java:357) ~[netty-transport-4.1.77.Final.jar:4.1.77.Final]
	at io.netty.handler.timeout.IdleStateHandler.channelRead(IdleStateHandler.java:286) ~[netty-handler-4.1.77.Final.jar:4.1.77.Final]
	at io.netty.channel.AbstractChannelHandlerContext.invokeChannelRead(AbstractChannelHandlerContext.java:379) ~[netty-transport-4.1.77.Final.jar:4.1.77.Final]
	at io.netty.channel.AbstractChannelHandlerContext.invokeChannelRead(AbstractChannelHandlerContext.java:365) ~[netty-transport-4.1.77.Final.jar:4.1.77.Final]
	at io.netty.channel.AbstractChannelHandlerContext.fireChannelRead(AbstractChannelHandlerContext.java:357) ~[netty-transport-4.1.77.Final.jar:4.1.77.Final]
	at io.netty.handler.codec.MessageToMessageDecoder.channelRead(MessageToMessageDecoder.java:103) ~[netty-codec-4.1.77.Final.jar:4.1.77.Final]
	at io.netty.channel.AbstractChannelHandlerContext.invokeChannelRead(AbstractChannelHandlerContext.java:379) ~[netty-transport-4.1.77.Final.jar:4.1.77.Final]
	at io.netty.channel.AbstractChannelHandlerContext.invokeChannelRead(AbstractChannelHandlerContext.java:365) ~[netty-transport-4.1.77.Final.jar:4.1.77.Final]
	at io.netty.channel.AbstractChannelHandlerContext.fireChannelRead(AbstractChannelHandlerContext.java:357) ~[netty-transport-4.1.77.Final.jar:4.1.77.Final]
	at org.apache.spark.network.util.TransportFrameDecoder.channelRead(TransportFrameDecoder.java:102) ~[spark-network-common_2.12-3.3.2.jar:3.3.2]
	at io.netty.channel.AbstractChannelHandlerContext.invokeChannelRead(AbstractChannelHandlerContext.java:379) ~[netty-transport-4.1.77.Final.jar:4.1.77.Final]
	at io.netty.channel.AbstractChannelHandlerContext.invokeChannelRead(AbstractChannelHandlerContext.java:365) ~[netty-transport-4.1.77.Final.jar:4.1.77.Final]
	at io.netty.channel.AbstractChannelHandlerContext.fireChannelRead(AbstractChannelHandlerContext.java:357) ~[netty-transport-4.1.77.Final.jar:4.1.77.Final]
	at io.netty.channel.DefaultChannelPipeline$HeadContext.channelRead(DefaultChannelPipeline.java:1410) ~[netty-transport-4.1.77.Final.jar:4.1.77.Final]
	at io.netty.channel.AbstractChannelHandlerContext.invokeChannelRead(AbstractChannelHandlerContext.java:379) ~[netty-transport-4.1.77.Final.jar:4.1.77.Final]
	at io.netty.channel.AbstractChannelHandlerContext.invokeChannelRead(AbstractChannelHandlerContext.java:365) ~[netty-transport-4.1.77.Final.jar:4.1.77.Final]
	at io.netty.channel.DefaultChannelPipeline.fireChannelRead(DefaultChannelPipeline.java:919) ~[netty-transport-4.1.77.Final.jar:4.1.77.Final]
	at io.netty.channel.nio.AbstractNioByteChannel$NioByteUnsafe.read(AbstractNioByteChannel.java:166) ~[netty-transport-4.1.77.Final.jar:4.1.77.Final]
	at io.netty.channel.nio.NioEventLoop.processSelectedKey(NioEventLoop.java:722) ~[netty-transport-4.1.77.Final.jar:4.1.77.Final]
	at io.netty.channel.nio.NioEventLoop.processSelectedKeysOptimized(NioEventLoop.java:658) ~[netty-transport-4.1.77.Final.jar:4.1.77.Final]
	at io.netty.channel.nio.NioEventLoop.processSelectedKeys(NioEventLoop.java:584) ~[netty-transport-4.1.77.Final.jar:4.1.77.Final]
	at io.netty.channel.nio.NioEventLoop.run(NioEventLoop.java:496) ~[netty-transport-4.1.77.Final.jar:4.1.77.Final]
	at io.netty.util.concurrent.SingleThreadEventExecutor$4.run(SingleThreadEventExecutor.java:995) ~[netty-common-4.1.77.Final.jar:4.1.77.Final]
	at io.netty.util.internal.ThreadExecutorMap$2.run(ThreadExecutorMap.java:74) ~[netty-common-4.1.77.Final.jar:4.1.77.Final]
	at io.netty.util.concurrent.FastThreadLocalRunnable.run(FastThreadLocalRunnable.java:30) ~[netty-common-4.1.77.Final.jar:4.1.77.Final]
	at java.lang.Thread.run(Thread.java:829) ~[?:?]
ERROR: (gcloud.dataproc.jobs.submit.spark) Job [01394436feed4e379408d774fa3f6348] failed with error:
Job failed with message [org.apache.spark.SparkException: Could not find CoarseGrainedScheduler.]. Additional details can be found at:
https://console.cloud.google.com/dataproc/jobs/01394436feed4e379408d774fa3f6348?project=scalableunibo2026&region=europe-west1
gcloud dataproc jobs wait '01394436feed4e379408d774fa3f6348' --region 'europe-west1' --project 'scalableunibo2026'
https://console.cloud.google.com/storage/browser/scalableunibo2026-spark-temp/google-cloud-dataproc-metainfo/513ca8d5-6f34-43b6-a3d6-b32ee18fc5a9/jobs/01394436feed4e379408d774fa3f6348/
gs://scalableunibo2026-spark-temp/google-cloud-dataproc-metainfo/513ca8d5-6f34-43b6-a3d6-b32ee18fc5a9/jobs/01394436feed4e379408d774fa3f6348/driveroutput.*
