Uploading /home/rosario/Documents/computer_science/projects/quake-cooccurrence/target/scala-2.12/quake-cooccurrence_2.12-0.1.jar to gs://scalableunibo2026-spark-data/jobs/quake-cooccurrence_2.12-0.1.jar...
Copying file:///home/rosario/Documents/computer_science/projects/quake-cooccurrence/target/scala-2.12/quake-cooccurrence_2.12-0.1.jar [Content-Type=application/java-archive]...
/ [0 files][    0.0 B/ 33.5 KiB]                                                / [1 files][ 33.5 KiB/ 33.5 KiB]                                                
Operation completed over 1 objects/33.5 KiB.                                     
Submitting Spark job...
Job [d6fe48807b60435f84686f143d5ca213] submitted.
Waiting for job output...
26/04/01 16:56:47 INFO SparkEnv: Registering MapOutputTracker
26/04/01 16:56:47 INFO SparkEnv: Registering BlockManagerMaster
26/04/01 16:56:47 INFO SparkEnv: Registering BlockManagerMasterHeartbeat
26/04/01 16:56:48 INFO SparkEnv: Registering OutputCommitCoordinator
26/04/01 16:56:48 INFO MetricsConfig: Loaded properties from hadoop-metrics2.properties
26/04/01 16:56:48 INFO MetricsSystemImpl: Scheduled Metric snapshot period at 10 second(s).
26/04/01 16:56:48 INFO MetricsSystemImpl: google-hadoop-file-system metrics system started
26/04/01 16:56:49 INFO DataprocSparkPlugin: Registered 188 driver metrics
26/04/01 16:56:50 INFO DefaultNoHARMFailoverProxyProvider: Connecting to ResourceManager at spark-cluster-1w-m.europe-west1-b.c.scalableunibo2026.internal./10.132.15.212:8032
26/04/01 16:56:50 INFO AHSProxy: Connecting to Application History server at spark-cluster-1w-m.europe-west1-b.c.scalableunibo2026.internal./10.132.15.212:10200
26/04/01 16:56:51 INFO Configuration: resource-types.xml not found
26/04/01 16:56:51 INFO ResourceUtils: Unable to find 'resource-types.xml'.
26/04/01 16:56:52 INFO YarnClientImpl: Submitted application application_1775062175448_0002
26/04/01 16:56:53 INFO DefaultNoHARMFailoverProxyProvider: Connecting to ResourceManager at spark-cluster-1w-m.europe-west1-b.c.scalableunibo2026.internal./10.132.15.212:8030
26/04/01 16:56:55 INFO GoogleCloudStorageImpl: Ignoring exception of type GoogleJsonResponseException; verified object already exists with desired state.
26/04/01 16:56:55 INFO GoogleHadoopOutputStream: hflush(): No-op due to rate limit (RateLimiter[stableRate=0.2qps]): readers will *not* yet see flushed data for gs://dataproc-temp-europe-west1-895293460216-3izh2cth/093f321f-9f06-4d60-bbb5-c93c085058a4/spark-job-history/application_1775062175448_0002.inprogress [CONTEXT ratelimit_period="1 MINUTES" ]
26/04/01 16:57:27 INFO GhfsGlobalStorageStatistics: periodic connector metrics: {action_http_delete_request=3, action_http_delete_request_duration=128, action_http_delete_request_max=56, action_http_delete_request_mean=42, action_http_delete_request_min=30, action_http_post_request=8, action_http_post_request_duration=449, action_http_post_request_max=96, action_http_post_request_mean=56, action_http_post_request_min=26, action_http_put_request=4, action_http_put_request_duration=315, action_http_put_request_max=92, action_http_put_request_mean=78, action_http_put_request_min=62, directories_created=1, files_created=1, gcs_api_client_non_found_response_count=18, gcs_api_client_precondition_failed_response_count=1, gcs_api_client_side_error_count=19, gcs_api_time=2003, gcs_api_total_request_count=50, gcs_connector_time=2160, gcs_get_other_request=3, gcs_list_dir_request=2, gcs_list_dir_request_duration=45, gcs_list_dir_request_max=23, gcs_list_dir_request_mean=22, gcs_list_dir_request_min=22, gcs_list_file_request=5, gcs_list_file_request_duration=315, gcs_list_file_request_max=180, gcs_list_file_request_mean=63, gcs_list_file_request_min=18, gcs_metadata_request=25, gcs_metadata_request_duration=689, gcs_metadata_request_max=158, gcs_metadata_request_mean=27, gcs_metadata_request_min=9, gs_filesystem_create=4, gs_filesystem_initialize=3, op_create=1, op_create_duration=108, op_create_max=108, op_create_mean=108, op_create_min=108, op_exists=1, op_get_file_status=4, op_get_file_status_duration=716, op_get_file_status_max=592, op_get_file_status_mean=179, op_get_file_status_min=23, op_get_list_status_result_size=2, op_hflush=17, op_hflush_duration=1056, op_hflush_max=347, op_hflush_mean=62, op_list_status=2, op_list_status_duration=54, op_list_status_max=30, op_list_status_mean=27, op_list_status_min=24, op_mkdirs=1, op_mkdirs_duration=226, op_mkdirs_max=226, op_mkdirs_mean=226, op_mkdirs_min=226, stream_write_bytes=167059, uptimeSeconds=40}
[CONTEXT ratelimit_period="5 MINUTES" ]
Exception in thread "main" org.apache.spark.SparkException: Job 1 cancelled because SparkContext was shut down
	at org.apache.spark.scheduler.DAGScheduler.$anonfun$cleanUpAfterSchedulerStop$1(DAGScheduler.scala:1253)
	at org.apache.spark.scheduler.DAGScheduler.$anonfun$cleanUpAfterSchedulerStop$1$adapted(DAGScheduler.scala:1251)
	at scala.collection.mutable.HashSet.foreach(HashSet.scala:79)
	at org.apache.spark.scheduler.DAGScheduler.cleanUpAfterSchedulerStop(DAGScheduler.scala:1251)
	at org.apache.spark.scheduler.DAGSchedulerEventProcessLoop.onStop(DAGScheduler.scala:3088)
	at org.apache.spark.util.EventLoop.stop(EventLoop.scala:84)
	at org.apache.spark.scheduler.DAGScheduler.$anonfun$stop$3(DAGScheduler.scala:2973)
	at org.apache.spark.util.Utils$.tryLogNonFatalError(Utils.scala:1377)
	at org.apache.spark.scheduler.DAGScheduler.stop(DAGScheduler.scala:2973)
	at org.apache.spark.SparkContext.$anonfun$stop$12(SparkContext.scala:2324)
	at org.apache.spark.util.Utils$.tryLogNonFatalError(Utils.scala:1377)
	at org.apache.spark.SparkContext.stop(SparkContext.scala:2324)
	at org.apache.spark.SparkContext.stop(SparkContext.scala:2277)
	at org.apache.spark.SparkContext.$anonfun$new$37(SparkContext.scala:739)
	at org.apache.spark.util.SparkShutdownHook.run(ShutdownHookManager.scala:214)
	at org.apache.spark.util.SparkShutdownHookManager.$anonfun$runAll$2(ShutdownHookManager.scala:188)
	at scala.runtime.java8.JFunction0$mcV$sp.apply(JFunction0$mcV$sp.java:23)
	at org.apache.spark.util.Utils$.logUncaughtExceptions(Utils.scala:1930)
	at org.apache.spark.util.SparkShutdownHookManager.$anonfun$runAll$1(ShutdownHookManager.scala:188)
	at scala.runtime.java8.JFunction0$mcV$sp.apply(JFunction0$mcV$sp.java:23)
	at scala.util.Try$.apply(Try.scala:213)
	at org.apache.spark.util.SparkShutdownHookManager.runAll(ShutdownHookManager.scala:188)
	at org.apache.spark.util.SparkShutdownHookManager$$anon$2.run(ShutdownHookManager.scala:178)
	at java.base/java.util.concurrent.Executors$RunnableAdapter.call(Executors.java:515)
	at java.base/java.util.concurrent.FutureTask.run(FutureTask.java:264)
	at java.base/java.util.concurrent.ThreadPoolExecutor.runWorker(ThreadPoolExecutor.java:1128)
	at java.base/java.util.concurrent.ThreadPoolExecutor$Worker.run(ThreadPoolExecutor.java:628)
	at java.base/java.lang.Thread.run(Thread.java:829)
	at org.apache.spark.scheduler.DAGScheduler.runJob(DAGScheduler.scala:989)
	at org.apache.spark.SparkContext.runJob(SparkContext.scala:2459)
	at org.apache.spark.SparkContext.runJob(SparkContext.scala:2554)
	at org.apache.spark.rdd.RDD.$anonfun$reduce$1(RDD.scala:1139)
	at org.apache.spark.rdd.RDDOperationScope$.withScope(RDDOperationScope.scala:151)
	at org.apache.spark.rdd.RDDOperationScope$.withScope(RDDOperationScope.scala:112)
	at org.apache.spark.rdd.RDD.withScope(RDD.scala:410)
	at org.apache.spark.rdd.RDD.reduce(RDD.scala:1121)
	at Solver1.solve(Solvers.scala:41)
	at Main$.$anonfun$main$2(Main.scala:57)
	at Main$.$anonfun$main$7(Main.scala:69)
	at Main$.$anonfun$main$7$adapted(Main.scala:67)
	at scala.Option.foreach(Option.scala:407)
	at Main$.main(Main.scala:67)
	at Main.main(Main.scala)
	at java.base/jdk.internal.reflect.NativeMethodAccessorImpl.invoke0(Native Method)
	at java.base/jdk.internal.reflect.NativeMethodAccessorImpl.invoke(NativeMethodAccessorImpl.java:62)
	at java.base/jdk.internal.reflect.DelegatingMethodAccessorImpl.invoke(DelegatingMethodAccessorImpl.java:43)
	at java.base/java.lang.reflect.Method.invoke(Method.java:566)
	at org.apache.spark.deploy.JavaMainApplication.start(SparkApplication.scala:52)
	at org.apache.spark.deploy.SparkSubmit.org$apache$spark$deploy$SparkSubmit$$runMain(SparkSubmit.scala:1213)
	at org.apache.spark.deploy.SparkSubmit.doRunMain$1(SparkSubmit.scala:196)
	at org.apache.spark.deploy.SparkSubmit.submit(SparkSubmit.scala:219)
	at org.apache.spark.deploy.SparkSubmit.doSubmit(SparkSubmit.scala:93)
	at org.apache.spark.deploy.SparkSubmit$$anon$2.doSubmit(SparkSubmit.scala:1315)
	at org.apache.spark.deploy.SparkSubmit$.main(SparkSubmit.scala:1324)
	at org.apache.spark.deploy.SparkSubmit.main(SparkSubmit.scala)
26/04/01 17:00:44 INFO DataprocSparkPlugin: Shutting down driver plugin. metrics=[action_http_patch_request=0, files_created=1, gcs_api_server_timeout_count=0, op_get_list_status_result_size=2, op_open=0, action_http_delete_request=6, gcs_api_time=3197, gcs_backoff_count=0, gcs_api_client_unauthorized_response_count=0, stream_read_close_operations=0, stream_read_bytes_backwards_on_seek=0, gs_filesystem_create=4, exception_count=0, gcs_exception_count=0, gcs_api_total_request_count=75, op_create=1, stream_read_vectored_operations=0, gcs_metadata_request=34, gcs_api_client_bad_request_count=0, action_http_put_request=7, op_create_non_recursive=0, gcs_api_client_gone_response_count=0, gs_filesystem_initialize=3, stream_read_vectored_incoming_ranges=0, stream_write_operations=0, gcs_list_dir_request=2, stream_read_operations=0, gcs_api_client_request_timeout_count=0, op_rename=0, op_get_file_status=4, op_glob_status=0, op_exists=1, stream_write_bytes=348600, op_xattr_list=0, op_get_delegation_token=0, gcs_api_server_unavailable_count=0, directories_created=1, files_delete_rejected=0, stream_read_vectored_combined_ranges=0, op_xattr_get_named=0, gcs_list_file_request=5, op_hsync=0, action_http_get_request=0, stream_read_operations_incomplete=0, op_delete=0, stream_read_bytes=0, gcs_api_client_non_found_response_count=27, op_list_located_status=0, gcs_api_client_requested_range_not_statisfiable_count=0, op_hflush=22, op_list_status=2, stream_read_vectored_read_bytes_discarded=0, op_xattr_get_named_map=0, gcs_api_client_side_error_count=28, op_get_file_checksum=0, gcs_api_server_internal_error_count=0, stream_read_seek_bytes_skipped=0, stream_write_close_operations=0, gcs_get_media_request=0, gcs_connector_time=3029, files_deleted=0, action_http_post_request=15, op_mkdirs=1, gcs_api_client_rate_limit_error_count=0, op_copy_from_local_file=0, gcs_api_server_bad_gateway_count=0, stream_readVectored_range_duration=0, stream_read_seek_backward_operations=0, gcs_api_server_side_error_count=0, stream_read_seek_operations=0, gcs_get_other_request=6, stream_read_seek_forward_operations=0, gcs_api_client_precondition_failed_response_count=1, op_xattr_get_map=0, delegation_tokens_issued=0, gcs_backoff_time=0, gcs_list_dir_request_min=22, gcs_metadata_request_min=9, op_delete_min=0, op_glob_status_min=0, op_create_non_recursive_min=0, op_hsync_min=0, op_xattr_get_named_min=0, op_xattr_get_named_map_min=0, op_hflush_min=0, op_xattr_list_min=0, action_http_put_request_min=62, op_open_min=0, gcs_list_file_request_min=18, stream_write_close_operations_min=0, op_create_min=108, action_http_delete_request_min=30, op_mkdirs_min=226, op_list_status_min=24, gcs_get_media_request_min=0, stream_readVectored_range_duration_min=0, stream_read_vectored_operations_min=0, stream_read_close_operations_min=0, stream_read_operations_min=0, stream_read_seek_operations_min=0, op_xattr_get_map_min=0, stream_write_operations_min=0, action_http_patch_request_min=0, op_get_file_status_min=23, op_rename_min=0, delegation_tokens_issued_min=0, action_http_post_request_min=26, stream_read_close_operations_max=0, stream_read_seek_operations_max=0, op_hflush_max=347, op_xattr_list_max=0, op_xattr_get_map_max=0, action_http_put_request_max=92, action_http_patch_request_max=0, action_http_post_request_max=114, stream_write_close_operations_max=0, action_http_delete_request_max=56, op_mkdirs_max=226, gcs_get_media_request_max=0, op_rename_max=0, stream_read_vectored_operations_max=0, stream_readVectored_range_duration_max=0, op_xattr_get_named_map_max=0, stream_write_operations_max=0, stream_read_operations_max=0, op_xattr_get_named_max=0, op_glob_status_max=0, op_create_non_recursive_max=0, op_get_file_status_max=592, op_open_max=0, delegation_tokens_issued_max=0, gcs_list_file_request_max=180, gcs_metadata_request_max=158, op_create_max=108, op_delete_max=0, op_list_status_max=30, op_hsync_max=0, gcs_list_dir_request_max=23, op_open_mean=0, op_xattr_list_mean=0, op_rename_mean=0, op_xattr_get_map_mean=0, gcs_list_dir_request_mean=22, op_glob_status_mean=0, stream_read_seek_operations_mean=0, gcs_list_file_request_mean=63, stream_write_operations_mean=0, op_hflush_mean=87, gcs_metadata_request_mean=29, op_list_status_mean=27, stream_read_close_operations_mean=0, op_xattr_get_named_map_mean=0, stream_read_vectored_operations_mean=0, op_mkdirs_mean=226, action_http_post_request_mean=58, stream_write_close_operations_mean=0, action_http_put_request_mean=77, action_http_patch_request_mean=0, op_hsync_mean=0, delegation_tokens_issued_mean=0, action_http_delete_request_mean=38, stream_read_operations_mean=0, op_create_mean=108, op_delete_mean=0, op_create_non_recursive_mean=0, stream_readVectored_range_duration_mean=0, op_xattr_get_named_mean=0, gcs_get_media_request_mean=0, op_get_file_status_mean=179, op_delete_duration=0, op_get_file_status_duration=716, action_http_put_request_duration=539, stream_write_operations_duration=0, op_hsync_duration=0, gcs_metadata_request_duration=1013, gcs_get_media_request_duration=0, gcs_list_file_request_duration=315, op_list_status_duration=54, op_mkdirs_duration=226, op_open_duration=0, op_create_duration=108, op_hflush_duration=1925, gcs_list_dir_request_duration=45, op_glob_status_duration=0, stream_read_operations_duration=0, action_http_delete_request_duration=230, action_http_post_request_duration=870, op_rename_duration=0]
ERROR: (gcloud.dataproc.jobs.submit.spark) Job [d6fe48807b60435f84686f143d5ca213] failed with error:
Driver received SIGTERM/SIGKILL signal and exited with 143 code, which potentially signifies a memory pressure.
Google Cloud Dataproc Agent reports job failure. If logs are available, they can be found at:
https://console.cloud.google.com/dataproc/jobs/d6fe48807b60435f84686f143d5ca213?project=scalableunibo2026&region=europe-west1
gcloud dataproc jobs wait 'd6fe48807b60435f84686f143d5ca213' --region 'europe-west1' --project 'scalableunibo2026'
https://console.cloud.google.com/storage/browser/scalableunibo2026-spark-temp/google-cloud-dataproc-metainfo/093f321f-9f06-4d60-bbb5-c93c085058a4/jobs/d6fe48807b60435f84686f143d5ca213/
gs://scalableunibo2026-spark-temp/google-cloud-dataproc-metainfo/093f321f-9f06-4d60-bbb5-c93c085058a4/jobs/d6fe48807b60435f84686f143d5ca213/driveroutput.*
